trace  task     created 20260922091516.1001  define l2 agendaClinica
trace  pooling  start 20260922091516.1001
trace  hook     beforePromptStep step=2 start
trace  write    _102047_/l2/agendaClinica/pipeline/agentDefsL2/pipeline.json
trace  write    _102047_/l2/agendaClinica/pipeline/agentDefsL2/pipeline.json
trace  hook     beforePromptStep step=2 done intents=add-step,update-status,remove-hook
trace  cycle    remaining=3
trace  hook     beforePromptStep step=3 start
trace  write    _102047_/l2/agendaClinica/pipeline/agentDefsL2/input.json
trace  write    _102047_/l2/agendaClinica/pipeline/agentDefsL2/input.json
trace  write    _102047_/l2/agendaClinica/pipeline/agentDefsL2/inputReport.json
trace  write    _102047_/l2/agendaClinica/pipeline/agentDefsL2/inputReport.json
trace  write    _102047_/l2/agendaClinica/pipeline/agentDefsL2/pipeline.json
trace  hook     beforePromptStep step=3 done intents=add-step,update-status,remove-hook
trace  cycle    remaining=3
trace  hook     beforePromptStep step=4 start
trace  write    _102047_/l2/agendaClinica/pipeline/agentDefsL2/contracts.json
trace  write    _102047_/l2/agendaClinica/pipeline/agentDefsL2/contracts.json
trace  write    _102047_/l2/agendaClinica/pipeline/agentDefsL2/contracts30/drafts/cadastro_profissional.json
trace  write    _102047_/l2/agendaClinica/pipeline/agentDefsL2/contracts30/drafts/cadastro_profissional.json
trace  write    _102047_/l2/agendaClinica/web/contracts/cadastro_profissional.defs.ts
trace  write    _102047_/l2/agendaClinica/web/contracts/cadastro_profissional.defs.ts
trace  write    _102047_/l2/agendaClinica/pipeline/agentDefsL2/contracts30/results/cadastro_profissional.json
trace  write    _102047_/l2/agendaClinica/pipeline/agentDefsL2/contracts30/results/cadastro_profissional.json
trace  write    _102047_/l2/agendaClinica/pipeline/agentDefsL2/contracts30/drafts/cadastro_recepcionista.json
trace  write    _102047_/l2/agendaClinica/pipeline/agentDefsL2/contracts30/drafts/cadastro_recepcionista.json
trace  write    _102047_/l2/agendaClinica/web/contracts/cadastro_recepcionista.defs.ts
trace  write    _102047_/l2/agendaClinica/web/contracts/cadastro_recepcionista.defs.ts
trace  write    _102047_/l2/agendaClinica/pipeline/agentDefsL2/contracts30/results/cadastro_recepcionista.json
trace  write    _102047_/l2/agendaClinica/pipeline/agentDefsL2/contracts30/results/cadastro_recepcionista.json
trace  write    _102047_/l2/agendaClinica/pipeline/agentDefsL2/contracts30/drafts/consultas_profissional.json
trace  write    _102047_/l2/agendaClinica/pipeline/agentDefsL2/contracts30/drafts/consultas_profissional.json
trace  write    _102047_/l2/agendaClinica/web/contracts/consultas_profissional.defs.ts
trace  write    _102047_/l2/agendaClinica/web/contracts/consultas_profissional.defs.ts
trace  write    _102047_/l2/agendaClinica/pipeline/agentDefsL2/contracts30/results/consultas_profissional.json
trace  write    _102047_/l2/agendaClinica/pipeline/agentDefsL2/contracts30/results/consultas_profissional.json
trace  write    _102047_/l2/agendaClinica/pipeline/agentDefsL2/contracts30/drafts/consultas_recepcionista.json
trace  write    _102047_/l2/agendaClinica/pipeline/agentDefsL2/contracts30/drafts/consultas_recepcionista.json
trace  write    _102047_/l2/agendaClinica/web/contracts/consultas_recepcionista.defs.ts
trace  write    _102047_/l2/agendaClinica/web/contracts/consultas_recepcionista.defs.ts
trace  write    _102047_/l2/agendaClinica/pipeline/agentDefsL2/contracts30/results/consultas_recepcionista.json
trace  write    _102047_/l2/agendaClinica/pipeline/agentDefsL2/contracts30/results/consultas_recepcionista.json
trace  write    _102047_/l2/agendaClinica/pipeline/agentDefsL2/contracts30/drafts/pacientes.json
trace  write    _102047_/l2/agendaClinica/pipeline/agentDefsL2/contracts30/drafts/pacientes.json
trace  write    _102047_/l2/agendaClinica/web/contracts/pacientes.defs.ts
trace  write    _102047_/l2/agendaClinica/web/contracts/pacientes.defs.ts
trace  write    _102047_/l2/agendaClinica/pipeline/agentDefsL2/contracts30/results/pacientes.json
trace  write    _102047_/l2/agendaClinica/pipeline/agentDefsL2/contracts30/results/pacientes.json
trace  write    _102047_/l2/agendaClinica/pipeline/agentDefsL2/contracts.json
trace  write    _102047_/l2/agendaClinica/pipeline/agentDefsL2/pipeline.json
trace  hook     beforePromptStep step=4 done intents=add-step,update-status,remove-hook
trace  cycle    remaining=3
trace  hook     beforePromptStep step=5 start
trace  hook     beforePromptStep step=5 done intents=add-step,add-step,add-step,add-step,add-step,update-status,remove-hook
trace  cycle    remaining=7
trace  hook     beforePromptStep step=11 start
trace  hook     beforePromptStep step=11 done intents=prompt_ready,remove-hook
trace  cycle    remaining=2
