trace  task     created 20260922093647.1001  define l2 agendaClinica
trace  pooling  start 20260922093647.1001
trace  hook     beforePromptStep step=2 start
trace  hook     beforePromptStep step=2 done intents=add-step,update-status,remove-hook
trace  cycle    remaining=3
trace  hook     beforePromptStep step=3 start
trace  hook     beforePromptStep step=3 done intents=add-step,update-status,remove-hook
trace  cycle    remaining=3
trace  hook     beforePromptStep step=4 start
trace  hook     beforePromptStep step=4 done intents=add-step,update-status,remove-hook
trace  cycle    remaining=3
trace  hook     beforePromptStep step=5 start
trace  hook     beforePromptStep step=5 done intents=add-step,update-status,remove-hook
trace  cycle    remaining=3
trace  hook     beforePromptStep step=6 start
trace  hook     beforePromptStep step=6 done intents=add-step,add-step,add-step,add-step,add-step,update-status,remove-hook
trace  cycle    remaining=7
trace  hook     beforePromptStep step=12 start
trace  hook     beforePromptStep step=12 done intents=prompt_ready,remove-hook
trace  cycle    remaining=2
trace  hook     beforePromptStep step=13 start
trace  hook     beforePromptStep step=13 done intents=prompt_ready,remove-hook
trace  cycle    remaining=2
trace  hook     beforePromptStep step=14 start
trace  hook     beforePromptStep step=14 done intents=prompt_ready,remove-hook
trace  cycle    remaining=2
trace  hook     beforePromptStep step=15 start
trace  hook     beforePromptStep step=15 done intents=prompt_ready,remove-hook
trace  cycle    remaining=2
trace  hook     beforePromptStep step=16 start
trace  hook     beforePromptStep step=16 done intents=prompt_ready,remove-hook
trace  cycle    remaining=2
trace  hook     afterPromptStep step=16 start
trace  write    _102047_/l2/agendaClinica/web/desktop/page11/pacientes.defs.ts
trace  write    _102047_/l2/agendaClinica/web/desktop/page11/pacientes.defs.ts
trace  write    _102047_/l2/agendaClinica/web/mobile/page11/pacientes.defs.ts
trace  write    _102047_/l2/agendaClinica/web/mobile/page11/pacientes.defs.ts
trace  write    _102047_/l2/agendaClinica/pipeline/agentDefsL2/pages50/results/pacientes.json
trace  write    _102047_/l2/agendaClinica/pipeline/agentDefsL2/pages50/results/pacientes.json
trace  hook     afterPromptStep step=16 done intents=update-status,remove-hook
trace  cycle    remaining=2
trace  hook     afterPromptStep step=15 start
trace  write    _102047_/l2/agendaClinica/web/desktop/page11/consultas_recepcionista.defs.ts
trace  write    _102047_/l2/agendaClinica/web/desktop/page11/consultas_recepcionista.defs.ts
trace  write    _102047_/l2/agendaClinica/web/mobile/page11/consultas_recepcionista.defs.ts
trace  write    _102047_/l2/agendaClinica/web/mobile/page11/consultas_recepcionista.defs.ts
trace  write    _102047_/l2/agendaClinica/pipeline/agentDefsL2/pages50/results/consultas_recepcionista.json
trace  write    _102047_/l2/agendaClinica/pipeline/agentDefsL2/pages50/results/consultas_recepcionista.json
trace  hook     afterPromptStep step=15 done intents=update-status,remove-hook
trace  cycle    remaining=2
trace  hook     afterPromptStep step=13 start
trace  write    _102047_/l2/agendaClinica/web/desktop/page11/cadastro_recepcionista.defs.ts
trace  write    _102047_/l2/agendaClinica/web/desktop/page11/cadastro_recepcionista.defs.ts
trace  write    _102047_/l2/agendaClinica/web/mobile/page11/cadastro_recepcionista.defs.ts
trace  write    _102047_/l2/agendaClinica/web/mobile/page11/cadastro_recepcionista.defs.ts
trace  write    _102047_/l2/agendaClinica/pipeline/agentDefsL2/pages50/results/cadastro_recepcionista.json
trace  write    _102047_/l2/agendaClinica/pipeline/agentDefsL2/pages50/results/cadastro_recepcionista.json
trace  hook     afterPromptStep step=13 done intents=update-status,remove-hook
trace  cycle    remaining=2
trace  hook     afterPromptStep step=14 start
trace  hook     afterPromptStep step=14 done intents=add-step,update-status,remove-hook
trace  cycle    remaining=3
trace  hook     beforePromptStep step=18 start
trace  hook     beforePromptStep step=18 done intents=prompt_ready,remove-hook
trace  cycle    remaining=2
trace  hook     afterPromptStep step=12 start
trace  hook     afterPromptStep step=12 done intents=add-step,update-status,remove-hook
trace  cycle    remaining=3
trace  hook     beforePromptStep step=19 start
trace  hook     beforePromptStep step=19 done intents=prompt_ready,remove-hook
trace  cycle    remaining=2
trace  hook     afterPromptStep step=19 start
trace  write    _102047_/l2/agendaClinica/web/desktop/page11/cadastro_profissional.defs.ts
trace  write    _102047_/l2/agendaClinica/web/desktop/page11/cadastro_profissional.defs.ts
trace  write    _102047_/l2/agendaClinica/web/mobile/page11/cadastro_profissional.defs.ts
trace  write    _102047_/l2/agendaClinica/web/mobile/page11/cadastro_profissional.defs.ts
trace  write    _102047_/l2/agendaClinica/pipeline/agentDefsL2/pages50/results/cadastro_profissional.json
trace  write    _102047_/l2/agendaClinica/pipeline/agentDefsL2/pages50/results/cadastro_profissional.json
trace  hook     afterPromptStep step=19 done intents=update-status,remove-hook
trace  cycle    remaining=2
trace  pooling  end 20260922093647.1001
trace  done
