trace  task     created 20260922033113.1001  define l2 agendaClinica
trace  pooling  start 20260922033113.1001
trace  hook     beforePromptStep step=2 start
trace  write    _102047_/l2/agendaClinica/pipeline/agentDefsL2/pipeline.json
trace  write    _102047_/l2/agendaClinica/pipeline/agentDefsL2/pipeline.json
trace  hook     beforePromptStep step=2 done intents=add-step,update-status,remove-hook
trace  cycle    remaining=3
trace  hook     beforePromptStep step=3 start
trace  write    _102047_/l2/agendaClinica/pipeline/agentDefsL2/input.json
trace  write    _102047_/l2/agendaClinica/pipeline/agentDefsL2/input.json
trace  write    _102047_/l2/agendaClinica/pipeline/agentDefsL2/inputReport.json
trace  write    _102047_/l2/agendaClinica/pipeline/agentDefsL2/inputReport.json
trace  write    _102047_/l2/agendaClinica/pipeline/agentDefsL2/pipeline.json
trace  hook     beforePromptStep step=3 done intents=add-step,update-status,remove-hook
trace  cycle    remaining=3
trace  hook     beforePromptStep step=4 start
trace  write    _102047_/l2/agendaClinica/pipeline/agentDefsL2/pipeline.json
trace  hook     beforePromptStep step=4 done intents=update-status,remove-hook
trace  cycle    remaining=2
trace  pooling  end 20260922033113.1001
trace  done
