[test:mls-102020:l2] 192 file(s), 12 stub(s) skipped
....................
....................
....................
....................
....................
....................
....................
....................
....................
....................
....................
....................
....................
....................
....................
....................
....................
....................
....................
....................
....................
....................
....................
....................
....................
....................
....................
....................
....................
..................X.
....................
....................
....................
....................
....................
....................
....................
....................
....................
....................
....................
....................
....................
....................
....................
....................
....................
....................
....................
....................
....................
....................
....................
....................
....................
....................
....................
....................
....................
....................
....................
....................
....................
......X.............
....................
....................
....................
....................
....................
....................
....................
....................
....................
....................
....................
....................
....................
....................
....................
....................
....................
....................
....................
....................
....................
....................
....................
....................
..X.X......X........
....................
....................
....................
..........X.........
....................
....................
....................
....................
....................
...................X
XXXXX..X............
....................
....................
....................
....................
....................
....................
....................
....................
....................
....................
....................
....................
....................
....................
....................
....................
....................
....................
....................
....................


Failed tests:

✖ l4 fixtures are byte-for-byte copies of the real modules (22.27525ms)
  AssertionError [ERR_ASSERTION]: agendaClinica/ontology/Consulta.defs.ts
  
  1 !== 0
  
      at TestContext.<anonymous> (/Volumes/WagnerSSD1/collab/mls-base/mls-102020/l2/agentPlannerL2/steps/menu20/agentP2Menu.test.ts:426:14)
      at Test.runInAsyncScope (node:async_hooks:228:14)
      at Test.run (node:internal/test_runner/test:1118:25)
      at Test.start (node:internal/test_runner/test:1015:17)
      at startSubtestAfterBootstrap (node:internal/test_runner/harness:358:17) {
    generatedMessage: false,
    code: 'ERR_ASSERTION',
    actual: 1,
    expected: 0,
    operator: 'strictEqual',
    diff: 'simple'
  }
✖ find e content iguais a menos de espaçamento é erro, não substituição vazia (1.654542ms)
  AssertionError [ERR_ASSERTION]: The input did not match the regular expression /identical/. Input:
  
  'every edit applied but the content is unchanged'
  
      at TestContext.<anonymous> (/Volumes/WagnerSSD1/collab/mls-base/mls-102020/l2/aura/molecules/agentImproveMolecule2/steps/i3-edit/applyEdits.test.ts:206:10)
      at Test.runInAsyncScope (node:async_hooks:228:14)
      at Test.run (node:internal/test_runner/test:1118:25)
      at Test.processPendingSubtests (node:internal/test_runner/test:787:18)
      at Test.postRun (node:internal/test_runner/test:1247:19)
      at Test.run (node:internal/test_runner/test:1175:12)
      at async Test.processPendingSubtests (node:internal/test_runner/test:787:7) {
    generatedMessage: true,
    code: 'ERR_ASSERTION',
    actual: 'every edit applied but the content is unchanged',
    expected: /identical/,
    operator: 'match',
    diff: 'simple'
  }
✖ the two new imports are inserted right after the last existing import line, blank line before the class preserved (1.368333ms)
  AssertionError [ERR_ASSERTION]: Expected values to be strictly equal:
  + actual - expected
  
  + "import { molecules, scenarios } from '/_102040_/l2/molecules/groupfoo/index.defs.js';"
  - "import { molecules, scenarios } from './index.defs';"
  
      at TestContext.<anonymous> (/Volumes/WagnerSSD1/collab/mls-base/mls-102020/l2/aura/molecules/agentSyncMoleculeCatalog/helpers/syMigrateIndexTs.test.ts:88:10)
      at Test.runInAsyncScope (node:async_hooks:228:14)
      at Test.run (node:internal/test_runner/test:1118:25)
      at Test.processPendingSubtests (node:internal/test_runner/test:787:18)
      at Test.postRun (node:internal/test_runner/test:1247:19)
      at Test.run (node:internal/test_runner/test:1175:12)
      at async Test.processPendingSubtests (node:internal/test_runner/test:787:7) {
    generatedMessage: true,
    code: 'ERR_ASSERTION',
    actual: "import { molecules, scenarios } from '/_102040_/l2/molecules/groupfoo/index.defs.js';",
    expected: "import { molecules, scenarios } from './index.defs';",
    operator: 'strictEqual',
    diff: 'simple'
  }
✖ a file already importing from ./index.defs is left untouched (0.171708ms)
  AssertionError [ERR_ASSERTION]: Expected values to be strictly equal:
  
  true !== false
  
      at TestContext.<anonymous> (/Volumes/WagnerSSD1/collab/mls-base/mls-102020/l2/aura/molecules/agentSyncMoleculeCatalog/helpers/syMigrateIndexTs.test.ts:107:10)
      at Test.runInAsyncScope (node:async_hooks:228:14)
      at Test.run (node:internal/test_runner/test:1118:25)
      at Test.processPendingSubtests (node:internal/test_runner/test:787:18)
      at Test.postRun (node:internal/test_runner/test:1247:19)
      at Test.run (node:internal/test_runner/test:1175:12)
      at async Test.processPendingSubtests (node:internal/test_runner/test:787:7) {
    generatedMessage: true,
    code: 'ERR_ASSERTION',
    actual: true,
    expected: false,
    operator: 'strictEqual',
    diff: 'simple'
  }
✖ a page migrated by the OLD relative-import build is still recognized as migrated (0.090583ms)
  AssertionError [ERR_ASSERTION]: Expected values to be strictly equal:
  
  true !== false
  
      at TestContext.<anonymous> (/Volumes/WagnerSSD1/collab/mls-base/mls-102020/l2/aura/molecules/agentSyncMoleculeCatalog/helpers/syMigrateIndexTs.test.ts:149:10)
      at Test.runInAsyncScope (node:async_hooks:228:14)
      at Test.run (node:internal/test_runner/test:1118:25)
      at Test.processPendingSubtests (node:internal/test_runner/test:787:18)
      at Test.postRun (node:internal/test_runner/test:1247:19)
      at Test.run (node:internal/test_runner/test:1175:12)
      at async Test.processPendingSubtests (node:internal/test_runner/test:787:7) {
    generatedMessage: true,
    code: 'ERR_ASSERTION',
    actual: true,
    expected: false,
    operator: 'strictEqual',
    diff: 'simple'
  }
✖ no file points at a document that exists only on one machine (248.14025ms)
  AssertionError [ERR_ASSERTION]: 
  todo_path: aura/molecules/agentImproveMolecule2/steps/i3-edit/CHANGELOG.md:122 → 'todo/resolvidos/202609/todo-gates-papel-e-neutralidade.md' — state the reason where it ships (spec.md / flow.json / the step CHANGELOG), then drop the path
  todo_path: aura/molecules/agentImproveMolecule2/steps/i3-edit/CHANGELOG.md:163 → 'todo/resolvidos/202609/todo-gate-fallback-migracao.md' — state the reason where it ships (spec.md / flow.json / the step CHANGELOG), then drop the path
  todo_path: aura/molecules/agentImproveMolecule2/steps/i3-edit/CHANGELOG.md:332 → 'todo/resolvidos/202609/todo-gates-papel-e-neutralidade.md' — state the reason where it ships (spec.md / flow.json / the step CHANGELOG), then drop the path
  todo_path: aura/molecules/agentNewMolecule2/helpers/nmSteps.ts:113 → 'todo/moleculetokens/todo-casca-migracao-por-grupo.md' — state the reason where it ships (spec.md / flow.json / the step CHANGELOG), then drop the path
  todo_path: aura/molecules/agentNewMoleculeVariant/steps/v4-index/CHANGELOG.md:36 → 'todo/resolvidos/202609/todo-molde-vitrine-e-gate.md' — state the reason where it ships (spec.md / flow.json / the step CHANGELOG), then drop the path
  todo_path: aura/molecules/skills/canonicalFallbacks.ts:16 → 'todo/resolvidos/202609/todo-ajuste-im2-template.md' — state the reason where it ships (spec.md / flow.json / the step CHANGELOG), then drop the path
  todo_path: aura/molecules/skills/libraryFallbacks.ts:11 → 'todo/resolvidos/202609/todo-gate-fallback-migracao.md' — state the reason where it ships (spec.md / flow.json / the step CHANGELOG), then drop the path
  todo_path: aura/molecules/skills/libraryFallbacks.ts:20 → 'todo/resolvidos/202609/todo-gate-ledger-conflito.md' — state the reason where it ships (spec.md / flow.json / the step CHANGELOG), then drop the path
  
  + actual - expected
  
  + [
  +   "todo_path: aura/molecules/agentImproveMolecule2/steps/i3-edit/CHANGELOG.md:122 → 'todo/resolvidos/202609/todo-gates-papel-e-neutralidade.md' — state the reason where it ships (spec.md / flow.json / the step CHANGELOG), then drop the path",
  +   "todo_path: aura/molecules/agentImproveMolecule2/steps/i3-edit/CHANGELOG.md:163 → 'todo/resolvidos/202609/todo-gate-fallback-migracao.md' — state the reason where it ships (spec.md / flow.json / the step CHANGELOG), then drop the path",
  +   "todo_path: aura/molecules/agentImproveMolecule2/steps/i3-edit/CHANGELOG.md:332 → 'todo/resolvidos/202609/todo-gates-papel-e-neutralidade.md' — state the reason where it ships (spec.md / flow.json / the step CHANGELOG), then drop the path",
  +   "todo_path: aura/molecules/agentNewMolecule2/helpers/nmSteps.ts:113 → 'todo/moleculetokens/todo-casca-migracao-por-grupo.md' — state the reason where it ships (spec.md / flow.json / the step CHANGELOG), then drop the path",
  +   "todo_path: aura/molecules/agentNewMoleculeVariant/steps/v4-index/CHANGELOG.md:36 → 'todo/resolvidos/202609/todo-molde-vitrine-e-gate.md' — state the reason where it ships (spec.md / flow.json / the step CHANGELOG), then drop the path",
  +   "todo_path: aura/molecules/skills/canonicalFallbacks.ts:16 → 'todo/resolvidos/202609/todo-ajuste-im2-template.md' — state the reason where it ships (spec.md / flow.json / the step CHANGELOG), then drop the path",
  +   "todo_path: aura/molecules/skills/libraryFallbacks.ts:11 → 'todo/resolvidos/202609/todo-gate-fallback-migracao.md' — state the reason where it ships (spec.md / flow.json / the step CHANGELOG), then drop the path",
  +   "todo_path: aura/molecules/skills/libraryFallbacks.ts:20 → 'todo/resolvidos/202609/todo-gate-ledger-conflito.md' — state the reason where it ships (spec.md / flow.json / the step CHANGELOG), then drop the path"
  + ]
  - []
  
      at TestContext.<anonymous> (/Volumes/WagnerSSD1/collab/mls-base/mls-102020/l2/aura/molecules/shared/localDocRefs.test.ts:80:10)
      at Test.runInAsyncScope (node:async_hooks:228:14)
      at Test.run (node:internal/test_runner/test:1118:25)
      at Test.start (node:internal/test_runner/test:1015:17)
      at startSubtestAfterBootstrap (node:internal/test_runner/harness:358:17) {
    generatedMessage: false,
    code: 'ERR_ASSERTION',
    actual: [ "todo_path: aura/molecules/agentImproveMolecule2/steps/i3-edit/CHANGELOG.md:122 → 'todo/resolvidos/202609/todo-gates-papel-e-neutralidade.md' — state the reason where it ships (spec.md / flow.json / the step CHANGELOG), then drop the path", "todo_path: aura/molecules/agentImproveMolecule2/steps/i3-edit/CHANGELOG.md:163 → 'todo/resolvidos/202609/todo-gate-fallback-migracao.md' — state the reason where it ships (spec.md / flow.json / the step CHANGELOG), then drop the path", "todo_path: aura/molecules/agentImproveMolecule2/steps/i3-edit/CHANGELOG.md:332 → 'todo/resolvidos/202609/todo-gates-papel-e-neutralidade.md' — state the reason where it ships (spec.md / flow.json / the step CHANGELOG), then drop the path", "todo_path: aura/molecules/agentNewMolecule2/helpers/nmSteps.ts:113 → 'todo/moleculetokens/todo-casca-migracao-por-grupo.md' — state the reason where it ships (spec.md / flow.json / the step CHANGELOG), then drop the path", "todo_path: aura/molecules/agentNewMoleculeVariant/steps/v4-index/CHANGELOG.md:36 → 'todo/resolvidos/202609/todo-molde-vitrine-e-gate.md' — state the reason where it ships (spec.md / flow.json / the step CHANGELOG), then drop the path", "todo_path: aura/molecules/skills/canonicalFallbacks.ts:16 → 'todo/resolvidos/202609/todo-ajuste-im2-template.md' — state the reason where it ships (spec.md / flow.json / the step CHANGELOG), then drop the path", "todo_path: aura/molecules/skills/libraryFallbacks.ts:11 → 'todo/resolvidos/202609/todo-gate-fallback-migracao.md' — state the reason where it ships (spec.md / flow.json / the step CHANGELOG), then drop the path", "todo_path: aura/molecules/skills/libraryFallbacks.ts:20 → 'todo/resolvidos/202609/todo-gate-ledger-conflito.md' — state the reason where it ships (spec.md / flow.json / the step CHANGELOG), then drop the path" ],
    expected: [],
    operator: 'deepStrictEqual',
    diff: 'simple'
  }
✖ a molecule in a HELPER method is found and swapped (1.19375ms)
  TypeError: Cannot read properties of undefined (reading 'getProjectDependencies')
      at resolveNewTag (/Volumes/WagnerSSD1/collab/mls-base/mls-102020/l2/utils.ts:62:43)
      at resolveTagToFile (/Volumes/WagnerSSD1/collab/mls-base/mls-102020/l2/utils.ts:26:16)
      at updateImportsForTagReplace (/Volumes/WagnerSSD1/collab/mls-base/mls-102020/l2/aura/services/preview/previewTextEditor.ts:1008:19)
      at replaceComponentTag (/Volumes/WagnerSSD1/collab/mls-base/mls-102020/l2/aura/services/preview/previewTextEditor.ts:991:15)
      at TestContext.<anonymous> (/Volumes/WagnerSSD1/collab/mls-base/mls-102020/l2/aura/services/preview/previewTextEditor.test.ts:55:18)
      at Test.runInAsyncScope (node:async_hooks:228:14)
      at Test.run (node:internal/test_runner/test:1118:25)
      at Test.start (node:internal/test_runner/test:1015:17)
      at startSubtestAfterBootstrap (node:internal/test_runner/harness:358:17)
✖ everything the element carries survives — only the NAME changes (0.1625ms)
  TypeError: Cannot read properties of undefined (reading 'getProjectDependencies')
      at resolveNewTag (/Volumes/WagnerSSD1/collab/mls-base/mls-102020/l2/utils.ts:62:43)
      at resolveTagToFile (/Volumes/WagnerSSD1/collab/mls-base/mls-102020/l2/utils.ts:26:16)
      at updateImportsForTagReplace (/Volumes/WagnerSSD1/collab/mls-base/mls-102020/l2/aura/services/preview/previewTextEditor.ts:1008:19)
      at replaceComponentTag (/Volumes/WagnerSSD1/collab/mls-base/mls-102020/l2/aura/services/preview/previewTextEditor.ts:991:15)
      at TestContext.<anonymous> (/Volumes/WagnerSSD1/collab/mls-base/mls-102020/l2/aura/services/preview/previewTextEditor.test.ts:66:18)
      at Test.runInAsyncScope (node:async_hooks:228:14)
      at Test.run (node:internal/test_runner/test:1118:25)
      at Test.processPendingSubtests (node:internal/test_runner/test:787:18)
      at Test.postRun (node:internal/test_runner/test:1247:19)
      at Test.run (node:internal/test_runner/test:1175:12)
✖ the occurrence decides WHICH one, across different helper methods (0.1355ms)
  TypeError: Cannot read properties of undefined (reading 'getProjectDependencies')
      at resolveNewTag (/Volumes/WagnerSSD1/collab/mls-base/mls-102020/l2/utils.ts:62:43)
      at resolveTagToFile (/Volumes/WagnerSSD1/collab/mls-base/mls-102020/l2/utils.ts:26:16)
      at updateImportsForTagReplace (/Volumes/WagnerSSD1/collab/mls-base/mls-102020/l2/aura/services/preview/previewTextEditor.ts:1008:19)
      at replaceComponentTag (/Volumes/WagnerSSD1/collab/mls-base/mls-102020/l2/aura/services/preview/previewTextEditor.ts:991:15)
      at TestContext.<anonymous> (/Volumes/WagnerSSD1/collab/mls-base/mls-102020/l2/aura/services/preview/previewTextEditor.test.ts:80:18)
      at Test.runInAsyncScope (node:async_hooks:228:14)
      at Test.run (node:internal/test_runner/test:1118:25)
      at Test.processPendingSubtests (node:internal/test_runner/test:787:18)
      at Test.postRun (node:internal/test_runner/test:1247:19)
      at Test.run (node:internal/test_runner/test:1175:12)
✖ mode "all" swaps every occurrence, wherever it lives (0.0955ms)
  TypeError: Cannot read properties of undefined (reading 'getProjectDependencies')
      at resolveNewTag (/Volumes/WagnerSSD1/collab/mls-base/mls-102020/l2/utils.ts:62:43)
      at resolveTagToFile (/Volumes/WagnerSSD1/collab/mls-base/mls-102020/l2/utils.ts:26:16)
      at updateImportsForTagReplace (/Volumes/WagnerSSD1/collab/mls-base/mls-102020/l2/aura/services/preview/previewTextEditor.ts:1008:19)
      at replaceComponentTag (/Volumes/WagnerSSD1/collab/mls-base/mls-102020/l2/aura/services/preview/previewTextEditor.ts:991:15)
      at TestContext.<anonymous> (/Volumes/WagnerSSD1/collab/mls-base/mls-102020/l2/aura/services/preview/previewTextEditor.test.ts:96:18)
      at Test.runInAsyncScope (node:async_hooks:228:14)
      at Test.run (node:internal/test_runner/test:1118:25)
      at Test.processPendingSubtests (node:internal/test_runner/test:787:18)
      at Test.postRun (node:internal/test_runner/test:1247:19)
      at Test.run (node:internal/test_runner/test:1175:12)
✖ the import follows the swap (0.073125ms)
  TypeError: Cannot read properties of undefined (reading 'getProjectDependencies')
      at resolveNewTag (/Volumes/WagnerSSD1/collab/mls-base/mls-102020/l2/utils.ts:62:43)
      at resolveTagToFile (/Volumes/WagnerSSD1/collab/mls-base/mls-102020/l2/utils.ts:26:16)
      at updateImportsForTagReplace (/Volumes/WagnerSSD1/collab/mls-base/mls-102020/l2/aura/services/preview/previewTextEditor.ts:1008:19)
      at replaceComponentTag (/Volumes/WagnerSSD1/collab/mls-base/mls-102020/l2/aura/services/preview/previewTextEditor.ts:991:15)
      at TestContext.<anonymous> (/Volumes/WagnerSSD1/collab/mls-base/mls-102020/l2/aura/services/preview/previewTextEditor.test.ts:109:18)
      at Test.runInAsyncScope (node:async_hooks:228:14)
      at Test.run (node:internal/test_runner/test:1118:25)
      at Test.processPendingSubtests (node:internal/test_runner/test:787:18)
      at Test.postRun (node:internal/test_runner/test:1247:19)
      at Test.run (node:internal/test_runner/test:1175:12)
✖ the import of the old molecule STAYS while another occurrence still uses it (0.079625ms)
  TypeError: Cannot read properties of undefined (reading 'getProjectDependencies')
      at resolveNewTag (/Volumes/WagnerSSD1/collab/mls-base/mls-102020/l2/utils.ts:62:43)
      at resolveTagToFile (/Volumes/WagnerSSD1/collab/mls-base/mls-102020/l2/utils.ts:26:16)
      at updateImportsForTagReplace (/Volumes/WagnerSSD1/collab/mls-base/mls-102020/l2/aura/services/preview/previewTextEditor.ts:1008:19)
      at replaceComponentTag (/Volumes/WagnerSSD1/collab/mls-base/mls-102020/l2/aura/services/preview/previewTextEditor.ts:991:15)
      at TestContext.<anonymous> (/Volumes/WagnerSSD1/collab/mls-base/mls-102020/l2/aura/services/preview/previewTextEditor.test.ts:121:18)
      at Test.runInAsyncScope (node:async_hooks:228:14)
      at Test.run (node:internal/test_runner/test:1118:25)
      at Test.processPendingSubtests (node:internal/test_runner/test:787:18)
      at Test.postRun (node:internal/test_runner/test:1247:19)
      at Test.run (node:internal/test_runner/test:1175:12)
✖ a tag written inside TypeScript is not markup and is not swapped (0.082375ms)
  TypeError: Cannot read properties of undefined (reading 'getProjectDependencies')
      at resolveNewTag (/Volumes/WagnerSSD1/collab/mls-base/mls-102020/l2/utils.ts:62:43)
      at resolveTagToFile (/Volumes/WagnerSSD1/collab/mls-base/mls-102020/l2/utils.ts:26:16)
      at updateImportsForTagReplace (/Volumes/WagnerSSD1/collab/mls-base/mls-102020/l2/aura/services/preview/previewTextEditor.ts:1008:19)
      at replaceComponentTag (/Volumes/WagnerSSD1/collab/mls-base/mls-102020/l2/aura/services/preview/previewTextEditor.ts:991:15)
      at TestContext.<anonymous> (/Volumes/WagnerSSD1/collab/mls-base/mls-102020/l2/aura/services/preview/previewTextEditor.test.ts:146:18)
      at Test.runInAsyncScope (node:async_hooks:228:14)
      at Test.run (node:internal/test_runner/test:1118:25)
      at Test.processPendingSubtests (node:internal/test_runner/test:787:18)
      at Test.postRun (node:internal/test_runner/test:1247:19)
      at Test.run (node:internal/test_runner/test:1175:12)
