trace  task     created 20260922130405.1001  define l2 agendaClinica
trace  pooling  start 20260922130405.1001
trace  hook     beforePromptStep step=2 start
trace  write    _102047_/l2/agendaClinica/pipeline/agentDefsL2/pipeline.json
trace  write    _102047_/l2/agendaClinica/pipeline/agentDefsL2/pipeline.json
trace  hook     beforePromptStep step=2 done intents=add-step,update-status,remove-hook
trace  cycle    remaining=3
trace  hook     beforePromptStep step=3 start
trace  write    _102047_/l2/agendaClinica/pipeline/agentDefsL2/input.json
trace  write    _102047_/l2/agendaClinica/pipeline/agentDefsL2/input.json
trace  write    _102047_/l2/agendaClinica/pipeline/agentDefsL2/inputReport.json
trace  write    _102047_/l2/agendaClinica/pipeline/agentDefsL2/inputReport.json
trace  write    _102047_/l2/agendaClinica/pipeline/agentDefsL2/pipeline.json
trace  hook     beforePromptStep step=3 done intents=add-step,update-status,remove-hook
trace  cycle    remaining=3
trace  hook     beforePromptStep step=4 start
trace  write    _102047_/l2/agendaClinica/pipeline/agentDefsL2/contracts.json
trace  write    _102047_/l2/agendaClinica/pipeline/agentDefsL2/contracts.json
trace  write    _102047_/l2/agendaClinica/pipeline/agentDefsL2/contracts30/drafts/consultas_profissional.json
trace  write    _102047_/l2/agendaClinica/pipeline/agentDefsL2/contracts30/drafts/consultas_profissional.json
trace  write    _102047_/l2/agendaClinica/web/contracts/consultas_profissional.defs.ts
trace  write    _102047_/l2/agendaClinica/web/contracts/consultas_profissional.defs.ts
trace  write    _102047_/l2/agendaClinica/pipeline/agentDefsL2/contracts30/results/consultas_profissional.json
trace  write    _102047_/l2/agendaClinica/pipeline/agentDefsL2/contracts30/results/consultas_profissional.json
trace  write    _102047_/l2/agendaClinica/pipeline/agentDefsL2/contracts30/drafts/consultas_recepcionista.json
trace  write    _102047_/l2/agendaClinica/pipeline/agentDefsL2/contracts30/drafts/consultas_recepcionista.json
trace  write    _102047_/l2/agendaClinica/web/contracts/consultas_recepcionista.defs.ts
trace  write    _102047_/l2/agendaClinica/web/contracts/consultas_recepcionista.defs.ts
trace  write    _102047_/l2/agendaClinica/pipeline/agentDefsL2/contracts30/results/consultas_recepcionista.json
trace  write    _102047_/l2/agendaClinica/pipeline/agentDefsL2/contracts30/results/consultas_recepcionista.json
trace  write    _102047_/l2/agendaClinica/pipeline/agentDefsL2/contracts30/drafts/dados_profissional.json
trace  write    _102047_/l2/agendaClinica/pipeline/agentDefsL2/contracts30/drafts/dados_profissional.json
trace  write    _102047_/l2/agendaClinica/web/contracts/dados_profissional.defs.ts
trace  write    _102047_/l2/agendaClinica/web/contracts/dados_profissional.defs.ts
trace  write    _102047_/l2/agendaClinica/pipeline/agentDefsL2/contracts30/results/dados_profissional.json
trace  write    _102047_/l2/agendaClinica/pipeline/agentDefsL2/contracts30/results/dados_profissional.json
trace  write    _102047_/l2/agendaClinica/pipeline/agentDefsL2/contracts30/drafts/dados_recepcionista.json
trace  write    _102047_/l2/agendaClinica/pipeline/agentDefsL2/contracts30/drafts/dados_recepcionista.json
trace  write    _102047_/l2/agendaClinica/web/contracts/dados_recepcionista.defs.ts
trace  write    _102047_/l2/agendaClinica/web/contracts/dados_recepcionista.defs.ts
trace  write    _102047_/l2/agendaClinica/pipeline/agentDefsL2/contracts30/results/dados_recepcionista.json
trace  write    _102047_/l2/agendaClinica/pipeline/agentDefsL2/contracts30/results/dados_recepcionista.json
trace  write    _102047_/l2/agendaClinica/pipeline/agentDefsL2/contracts30/drafts/pacientes.json
trace  write    _102047_/l2/agendaClinica/pipeline/agentDefsL2/contracts30/drafts/pacientes.json
trace  write    _102047_/l2/agendaClinica/web/contracts/pacientes.defs.ts
trace  write    _102047_/l2/agendaClinica/web/contracts/pacientes.defs.ts
trace  write    _102047_/l2/agendaClinica/pipeline/agentDefsL2/contracts30/results/pacientes.json
trace  write    _102047_/l2/agendaClinica/pipeline/agentDefsL2/contracts30/results/pacientes.json
trace  write    _102047_/l2/agendaClinica/pipeline/agentDefsL2/contracts30/drafts/profissionais.json
trace  write    _102047_/l2/agendaClinica/pipeline/agentDefsL2/contracts30/drafts/profissionais.json
trace  write    _102047_/l2/agendaClinica/web/contracts/profissionais.defs.ts
trace  write    _102047_/l2/agendaClinica/web/contracts/profissionais.defs.ts
trace  write    _102047_/l2/agendaClinica/pipeline/agentDefsL2/contracts30/results/profissionais.json
trace  write    _102047_/l2/agendaClinica/pipeline/agentDefsL2/contracts30/results/profissionais.json
trace  write    _102047_/l2/agendaClinica/pipeline/agentDefsL2/contracts.json
trace  write    _102047_/l2/agendaClinica/pipeline/agentDefsL2/pipeline.json
trace  hook     beforePromptStep step=4 done intents=add-step,update-status,remove-hook
trace  cycle    remaining=3
trace  hook     beforePromptStep step=5 start
trace  hook     beforePromptStep step=5 done intents=add-step,add-step,add-step,add-step,add-step,add-step,update-status,remove-hook
trace  cycle    remaining=8
trace  hook     beforePromptStep step=11 start
trace  hook     beforePromptStep step=11 done intents=prompt_ready,remove-hook
trace  cycle    remaining=2
trace  hook     beforePromptStep step=12 start
trace  hook     beforePromptStep step=12 done intents=prompt_ready,remove-hook
trace  cycle    remaining=2
trace  hook     beforePromptStep step=13 start
trace  hook     beforePromptStep step=13 done intents=prompt_ready,remove-hook
trace  cycle    remaining=2
trace  hook     beforePromptStep step=14 start
trace  hook     beforePromptStep step=14 done intents=prompt_ready,remove-hook
trace  cycle    remaining=2
trace  hook     beforePromptStep step=15 start
trace  hook     beforePromptStep step=15 done intents=prompt_ready,remove-hook
trace  cycle    remaining=2
trace  hook     beforePromptStep step=16 start
trace  hook     beforePromptStep step=16 done intents=prompt_ready,remove-hook
trace  cycle    remaining=2
trace  hook     afterPromptStep step=11 start
trace  write    _102047_/l2/agendaClinica/web/shared/consultas_profissional.defs.ts
trace  write    _102047_/l2/agendaClinica/web/shared/consultas_profissional.defs.ts
trace  write    _102047_/l2/agendaClinica/pipeline/agentDefsL2/shared40/results/consultas_profissional.json
trace  write    _102047_/l2/agendaClinica/pipeline/agentDefsL2/shared40/results/consultas_profissional.json
trace  hook     afterPromptStep step=11 done intents=update-status,remove-hook
trace  hook     afterPromptStep step=14 start
trace  write    _102047_/l2/agendaClinica/web/shared/dados_recepcionista.defs.ts
trace  write    _102047_/l2/agendaClinica/web/shared/dados_recepcionista.defs.ts
trace  write    _102047_/l2/agendaClinica/pipeline/agentDefsL2/shared40/results/dados_recepcionista.json
trace  write    _102047_/l2/agendaClinica/pipeline/agentDefsL2/shared40/results/dados_recepcionista.json
trace  hook     afterPromptStep step=14 done intents=update-status,remove-hook
trace  cycle    remaining=4
trace  hook     afterPromptStep step=12 start
trace  write    _102047_/l2/agendaClinica/web/shared/consultas_recepcionista.defs.ts
trace  write    _102047_/l2/agendaClinica/web/shared/consultas_recepcionista.defs.ts
trace  write    _102047_/l2/agendaClinica/pipeline/agentDefsL2/shared40/results/consultas_recepcionista.json
trace  write    _102047_/l2/agendaClinica/pipeline/agentDefsL2/shared40/results/consultas_recepcionista.json
trace  hook     afterPromptStep step=12 done intents=update-status,remove-hook
trace  cycle    remaining=2
trace  hook     afterPromptStep step=13 start
trace  write    _102047_/l2/agendaClinica/web/shared/dados_profissional.defs.ts
trace  write    _102047_/l2/agendaClinica/web/shared/dados_profissional.defs.ts
trace  write    _102047_/l2/agendaClinica/pipeline/agentDefsL2/shared40/results/dados_profissional.json
trace  write    _102047_/l2/agendaClinica/pipeline/agentDefsL2/shared40/results/dados_profissional.json
trace  hook     afterPromptStep step=13 done intents=update-status,remove-hook
trace  cycle    remaining=2
trace  hook     afterPromptStep step=16 start
trace  hook     afterPromptStep step=16 done intents=add-step,update-status,remove-hook
trace  hook     afterPromptStep step=15 start
trace  hook     afterPromptStep step=15 done intents=add-step,update-status,remove-hook
trace  cycle    remaining=6
trace  hook     beforePromptStep step=19 start
trace  hook     beforePromptStep step=19 done intents=prompt_ready,remove-hook
trace  cycle    remaining=2
trace  hook     beforePromptStep step=20 start
trace  hook     beforePromptStep step=20 done intents=prompt_ready,remove-hook
trace  cycle    remaining=2
trace  hook     afterPromptStep step=19 start
trace  write    _102047_/l2/agendaClinica/web/shared/profissionais.defs.ts
trace  write    _102047_/l2/agendaClinica/web/shared/profissionais.defs.ts
trace  write    _102047_/l2/agendaClinica/pipeline/agentDefsL2/shared40/results/profissionais.json
trace  write    _102047_/l2/agendaClinica/pipeline/agentDefsL2/shared40/results/profissionais.json
trace  hook     afterPromptStep step=19 done intents=update-status,remove-hook
trace  cycle    remaining=2
trace  hook     afterPromptStep step=20 start
trace  write    _102047_/l2/agendaClinica/web/shared/pacientes.defs.ts
trace  write    _102047_/l2/agendaClinica/web/shared/pacientes.defs.ts
trace  write    _102047_/l2/agendaClinica/pipeline/agentDefsL2/shared40/results/pacientes.json
trace  write    _102047_/l2/agendaClinica/pipeline/agentDefsL2/shared40/results/pacientes.json
trace  write    _102047_/l2/agendaClinica/pipeline/agentDefsL2/shared.json
trace  write    _102047_/l2/agendaClinica/pipeline/agentDefsL2/shared.json
trace  write    _102047_/l2/agendaClinica/pipeline/agentDefsL2/pipeline.json
trace  hook     afterPromptStep step=20 done intents=add-step,update-status,remove-hook
trace  cycle    remaining=3
trace  hook     beforePromptStep step=6 start
trace  hook     beforePromptStep step=6 done intents=add-step,add-step,add-step,add-step,add-step,add-step,update-status,remove-hook
trace  cycle    remaining=8
trace  hook     beforePromptStep step=22 start
trace  hook     beforePromptStep step=22 done intents=prompt_ready,remove-hook
trace  cycle    remaining=2
trace  hook     beforePromptStep step=23 start
trace  hook     beforePromptStep step=23 done intents=prompt_ready,remove-hook
trace  cycle    remaining=2
trace  hook     beforePromptStep step=24 start
trace  hook     beforePromptStep step=24 done intents=prompt_ready,remove-hook
trace  cycle    remaining=2
trace  hook     beforePromptStep step=25 start
trace  hook     beforePromptStep step=25 done intents=prompt_ready,remove-hook
trace  cycle    remaining=2
trace  hook     beforePromptStep step=26 start
trace  hook     beforePromptStep step=26 done intents=prompt_ready,remove-hook
trace  cycle    remaining=2
trace  hook     beforePromptStep step=27 start
trace  hook     beforePromptStep step=27 done intents=prompt_ready,remove-hook
trace  cycle    remaining=2
trace  hook     afterPromptStep step=25 start
trace  write    _102047_/l2/agendaClinica/web/desktop/page11/dados_recepcionista.defs.ts
trace  write    _102047_/l2/agendaClinica/web/desktop/page11/dados_recepcionista.defs.ts
trace  write    _102047_/l2/agendaClinica/web/mobile/page11/dados_recepcionista.defs.ts
trace  write    _102047_/l2/agendaClinica/web/mobile/page11/dados_recepcionista.defs.ts
trace  write    _102047_/l2/agendaClinica/pipeline/agentDefsL2/pages50/results/dados_recepcionista.json
trace  write    _102047_/l2/agendaClinica/pipeline/agentDefsL2/pages50/results/dados_recepcionista.json
trace  hook     afterPromptStep step=25 done intents=update-status,remove-hook
trace  cycle    remaining=2
trace  hook     afterPromptStep step=24 start
trace  write    _102047_/l2/agendaClinica/web/desktop/page11/dados_profissional.defs.ts
trace  write    _102047_/l2/agendaClinica/web/desktop/page11/dados_profissional.defs.ts
trace  write    _102047_/l2/agendaClinica/web/mobile/page11/dados_profissional.defs.ts
trace  write    _102047_/l2/agendaClinica/web/mobile/page11/dados_profissional.defs.ts
trace  write    _102047_/l2/agendaClinica/pipeline/agentDefsL2/pages50/results/dados_profissional.json
trace  write    _102047_/l2/agendaClinica/pipeline/agentDefsL2/pages50/results/dados_profissional.json
trace  hook     afterPromptStep step=24 done intents=update-status,remove-hook
trace  cycle    remaining=2
trace  hook     afterPromptStep step=26 start
trace  write    _102047_/l2/agendaClinica/web/desktop/page11/pacientes.defs.ts
trace  write    _102047_/l2/agendaClinica/web/desktop/page11/pacientes.defs.ts
trace  write    _102047_/l2/agendaClinica/web/mobile/page11/pacientes.defs.ts
trace  write    _102047_/l2/agendaClinica/web/mobile/page11/pacientes.defs.ts
trace  write    _102047_/l2/agendaClinica/pipeline/agentDefsL2/pages50/results/pacientes.json
trace  write    _102047_/l2/agendaClinica/pipeline/agentDefsL2/pages50/results/pacientes.json
trace  hook     afterPromptStep step=26 done intents=update-status,remove-hook
trace  cycle    remaining=2
trace  hook     afterPromptStep step=27 start
trace  write    _102047_/l2/agendaClinica/web/desktop/page11/profissionais.defs.ts
trace  write    _102047_/l2/agendaClinica/web/desktop/page11/profissionais.defs.ts
trace  write    _102047_/l2/agendaClinica/web/mobile/page11/profissionais.defs.ts
trace  write    _102047_/l2/agendaClinica/web/mobile/page11/profissionais.defs.ts
trace  write    _102047_/l2/agendaClinica/pipeline/agentDefsL2/pages50/results/profissionais.json
trace  write    _102047_/l2/agendaClinica/pipeline/agentDefsL2/pages50/results/profissionais.json
trace  hook     afterPromptStep step=27 done intents=update-status,remove-hook
trace  cycle    remaining=2
trace  hook     afterPromptStep step=22 start
trace  write    _102047_/l2/agendaClinica/web/desktop/page11/consultas_profissional.defs.ts
trace  write    _102047_/l2/agendaClinica/web/desktop/page11/consultas_profissional.defs.ts
trace  write    _102047_/l2/agendaClinica/web/mobile/page11/consultas_profissional.defs.ts
trace  write    _102047_/l2/agendaClinica/web/mobile/page11/consultas_profissional.defs.ts
trace  write    _102047_/l2/agendaClinica/pipeline/agentDefsL2/pages50/results/consultas_profissional.json
trace  write    _102047_/l2/agendaClinica/pipeline/agentDefsL2/pages50/results/consultas_profissional.json
trace  hook     afterPromptStep step=22 done intents=update-status,remove-hook
trace  cycle    remaining=2
trace  hook     afterPromptStep step=23 start
trace  hook     afterPromptStep step=23 done intents=add-step,update-status,remove-hook
trace  cycle    remaining=3
trace  hook     beforePromptStep step=28 start
trace  hook     beforePromptStep step=28 done intents=prompt_ready,remove-hook
trace  cycle    remaining=2
trace  hook     afterPromptStep step=28 start
trace  write    _102047_/l2/agendaClinica/web/desktop/page11/consultas_recepcionista.defs.ts
trace  write    _102047_/l2/agendaClinica/web/desktop/page11/consultas_recepcionista.defs.ts
trace  write    _102047_/l2/agendaClinica/web/mobile/page11/consultas_recepcionista.defs.ts
trace  write    _102047_/l2/agendaClinica/web/mobile/page11/consultas_recepcionista.defs.ts
trace  write    _102047_/l2/agendaClinica/pipeline/agentDefsL2/pages50/results/consultas_recepcionista.json
trace  write    _102047_/l2/agendaClinica/pipeline/agentDefsL2/pages50/results/consultas_recepcionista.json
trace  write    _102047_/l2/agendaClinica/pipeline/agentDefsL2/pages.json
trace  write    _102047_/l2/agendaClinica/pipeline/agentDefsL2/pages.json
trace  write    _102047_/l2/agendaClinica/pipeline/agentDefsL2/pipeline.json
trace  hook     afterPromptStep step=28 done intents=add-step,update-status,remove-hook
trace  cycle    remaining=3
trace  hook     beforePromptStep step=7 start
trace  write    _102047_/l2/agendaClinica/pipeline/agentDefsL2/finalize60/ownership.json
trace  write    _102047_/l2/agendaClinica/pipeline/agentDefsL2/finalize60/ownership.json
trace  write    _102047_/l2/agendaClinica/pipeline/agentDefsL2/finalize60/report.json
trace  write    _102047_/l2/agendaClinica/pipeline/agentDefsL2/finalize60/report.json
trace  write    _102047_/l2/agendaClinica/pipeline/agentDefsL2/pipeline.json
trace  hook     beforePromptStep step=7 done intents=update-status,remove-hook
trace  cycle    remaining=2
trace  pooling  end 20260922130405.1001
trace  done
