✔ flow declares the six acyclic phases with inputs, outputs and honest availability (2.752917ms)
✔ flow references only existing agents and each step has its own maintenance folder (0.488417ms)
✔ flow declares bounded workers, repairs, limits and progress counters (0.236083ms)
✔ completed coordinator reuse re-emits the anchor that releases the next phase (1.049416ms)
✔ all referenced JSON schemas are versioned and strict (3.249834ms)
✔ finalize60 gates the exact 20 defs and 15-item acyclic graph, including a page without molecule suggestions (1.603542ms)
✔ finalize60 refuses a missing def, duplicate id, cycle and invalid reference (0.888416ms)
✔ scope fingerprint catches a positive control and protects another module with the same page id (0.649125ms)
✔ remove preflight catches an edit and a new snapshot between scan and delete (5.174583ms)
✔ agendaClinica snapshot counts unique routes and usecaseIds and rejects illegible identities (0.799875ms)
✔ current five-page fixture emits 10 defs/items and five shared refs with functional device parity (3.816291ms)
✔ historical seven-page fixture remains a 14-def regression (0.707166ms)
✔ professional and receptionist prose preserves tasks without clinical-note leakage or mobile reduction (0.252209ms)
✔ closed gate rejects HTML/layout, invented method/group, missing device and unsupported dashboard data (0.772542ms)
✔ canonical catalog resolves 33 category skills plus bespoke and reads both mandatory skills (28.140625ms)
✔ real builder hashes selected inputs and ignores a skill from another category (153.274375ms)
✔ category is common to devices, capability-evidenced, supports three families and explicit bespoke (0.915292ms)
✔ four professional organisms map to two real scenes without multiplying content areas (0.281625ms)
✔ repeated kinds and static content get stable ids while nominal organism failures are diagnosed (0.49625ms)
✔ a static page accepts a base scene without actions or data bindings (0.12275ms)
✔ molecule recommendations are organism-scoped, useful and capability-compatible (0.450292ms)
✔ shared scene surface exposes only the declared initial, input and feedback contract (0.156333ms)
✔ minimal consumer and TypeScript accept quotes, backticks and multilingual prose with exactly two exports (819.476958ms)
✔ page worker has one bounded repair and no live model call outside orchestration (0.1885ms)
✔ page worker preserves raw initial hook args without adding feedback (0.103667ms)
✔ page worker extracts the observed flexible envelope and validates its tool name (0.132916ms)
✔ unamended HEAD transition payload remains an upstream contracts diagnostic (10.152416ms)
✔ one failed page leaves its approved sibling untouched and barrier waits for both device defs (44.1215ms)
✔ partial resume reuses four valid pages and redispatches missing or corrupted units (12.906916ms)
✔ unchanged context is a byte no-op while a skill hash invalidates reuse (10.433667ms)
✔ a prior pages receipt version never approves the additive organism contract (4.620625ms)
✔ ml-scenary.less uses DS role tokens, not undefined --ml-* (0.9575ms)
✔ parseScenes keeps unique required values in authored order (0.64575ms)
✔ external value selects a scene and does not emit change (0.086334ms)
✔ change fires only on internal navigation (0.073833ms)
✔ hidden keeps every scene in the list (same records before and after a switch) (0.120417ms)
✔ one scene is direct render: no tabs, no back, no chrome (0.079292ms)
✔ revealall ignores value and never emits (0.058542ms)
✔ back goes to backTo when enabled, else the first enabled scene (0.05825ms)
✔ keyboard step skips disabled scenes (0.073834ms)
✔ normalizeMode defaults to scenary (0.078ms)
✔ readSceneElements only takes direct Scene children and reads backTo (0.1ms)
﹣ real ml-scenary mounts in Chrome and preserves inactive Scene DOM while switching (0.026208ms) # SKIP
ℹ tests 43
ℹ suites 0
ℹ pass 42
ℹ fail 0
ℹ cancelled 0
ℹ skipped 1
ℹ todo 0
ℹ duration_ms 1391.442666
