trace  task     created 20260923131131.1001  define l2 agendaClinica
trace  pooling  start 20260923131131.1001
trace  hook     beforePromptStep step=2 start
trace  hook     beforePromptStep step=2 done intents=add-step,update-status,remove-hook
trace  cycle    remaining=3
trace  hook     beforePromptStep step=3 start
trace  hook     beforePromptStep step=3 done intents=add-step,update-status,remove-hook
trace  cycle    remaining=3
trace  hook     beforePromptStep step=4 start
trace  hook     beforePromptStep step=4 done intents=add-step,update-status,remove-hook
trace  cycle    remaining=3
trace  hook     beforePromptStep step=5 start
trace  hook     beforePromptStep step=5 done intents=add-step,update-status,remove-hook
trace  cycle    remaining=3
trace  hook     beforePromptStep step=6 start
trace  hook     beforePromptStep step=6 done intents=add-step,update-status,remove-hook
trace  cycle    remaining=3
trace  hook     beforePromptStep step=7 start
trace  hook     beforePromptStep step=7 done intents=update-status,remove-hook
trace  cycle    remaining=2
trace  pooling  end 20260923131131.1001
trace  done
