trace  task     created 20260923114924.1001  define l2 agendaClinica
trace  pooling  start 20260923114924.1001
trace  hook     beforePromptStep step=2 start
trace  hook     beforePromptStep step=2 done intents=add-step,update-status,remove-hook
trace  cycle    remaining=3
trace  hook     beforePromptStep step=3 start
trace  hook     beforePromptStep step=3 done intents=add-step,update-status,remove-hook
trace  cycle    remaining=3
trace  hook     beforePromptStep step=4 start
trace  hook     beforePromptStep step=4 done intents=add-step,update-status,remove-hook
trace  cycle    remaining=3
trace  hook     beforePromptStep step=5 start
trace  hook     beforePromptStep step=5 done intents=add-step,update-status,remove-hook
trace  cycle    remaining=3
trace  hook     beforePromptStep step=6 start
trace  hook     beforePromptStep step=6 done intents=add-step,add-step,update-status,remove-hook
trace  cycle    remaining=4
trace  hook     beforePromptStep step=12 start
trace  hook     beforePromptStep step=12 done intents=prompt_ready,remove-hook
trace  cycle    remaining=2
trace  hook     beforePromptStep step=13 start
trace  hook     beforePromptStep step=13 done intents=prompt_ready,remove-hook
trace  cycle    remaining=2
trace  hook     afterPromptStep step=13 start
trace  write    _102047_/l2/agendaClinica/web/desktop/page11/profissionais.defs.ts
trace  write    _102047_/l2/agendaClinica/web/mobile/page11/profissionais.defs.ts
trace  write    _102047_/l2/agendaClinica/pipeline/agentDefsL2/pages50/results/profissionais.json
trace  hook     afterPromptStep step=13 done intents=update-status,remove-hook
trace  cycle    remaining=2
trace  hook     afterPromptStep step=12 start
trace  write    _102047_/l2/agendaClinica/web/desktop/page11/pacientes.defs.ts
trace  write    _102047_/l2/agendaClinica/web/mobile/page11/pacientes.defs.ts
trace  write    _102047_/l2/agendaClinica/pipeline/agentDefsL2/pages50/results/pacientes.json
trace  write    _102047_/l2/agendaClinica/pipeline/agentDefsL2/pages.json
trace  hook     afterPromptStep step=12 done intents=add-step,update-status,remove-hook
trace  cycle    remaining=3
trace  hook     beforePromptStep step=7 start
trace  write    _102047_/l2/agendaClinica/pipeline/agentDefsL2/finalize60/ownership.json
trace  hook     beforePromptStep step=7 done intents=update-status,remove-hook
trace  cycle    remaining=2
trace  pooling  end 20260923114924.1001
trace  done
