mls-102020/l2/aura/studio/studioLiveUpdateHotSwap.test.ts(48,28): error TS2554: Expected 1 arguments, but got 2.
mls-102020/l2/aura/studio/studioLiveUpdateHotSwap.test.ts(53,28): error TS2554: Expected 1 arguments, but got 2.
mls-102020/l2/aura/studio/studioLiveUpdateHotSwap.test.ts(58,28): error TS2554: Expected 1 arguments, but got 2.
mls-102020/l2/aura/studio/studioLiveUpdateHotSwap.test.ts(87,21): error TS2554: Expected 0 arguments, but got 2.
mls-102020/l2/aura/studio/studioLiveUpdateHotSwap.test.ts(88,21): error TS2554: Expected 0 arguments, but got 2.
mls-102021/l2/agentChangeBackend/helpers/cbPortMethods.test.ts(68,29): error TS2339: Property 'systemDecisions' does not exist on type '{ entityId: string; interfaceName: string; methods: { name: string; params: string[]; returns: string; }[]; }'.
mls-102021/l2/agentChangeBackend/steps/gen-usecase/agentCbUsecase.test.ts(433,5): error TS2322: Type '{ inputId: string; fieldRef: string; type: string; required: true; source: string; description: string; }' is not assignable to type 'never'.
mls-102021/l2/agentChangeBackend/steps/gen-usecase/agentCbUsecase.test.ts(434,5): error TS2322: Type '{ inputId: string; fieldRef: string; type: string; required: false; source: string; description: string; }' is not assignable to type 'never'.
mls-102025/l2/collabMessagesEnvironmentBase.test.ts(43,20): error TS2352: Conversion of type 'typeof globalThis' to type 'MlsHolder' may be a mistake because neither type sufficiently overlaps with the other. If this was intentional, convert the expression to 'unknown' first.
  The types returned by 'mls.bots.getBotContextVarsBeforeMessageSend(...)' are incompatible between these types.
    Type 'string[]' is missing the following properties from type 'Promise<string[]>': then, catch, finally, [Symbol.toStringTag]
mls-102025/l2/collabMessagesHelper.test.ts(78,68): error TS2352: Conversion of type '(handler: TimerHandler) => ReturnType<typeof setTimeout>' to type 'typeof setTimeout' may be a mistake because neither type sufficiently overlaps with the other. If this was intentional, convert the expression to 'unknown' first.
  Property '__promisify__' is missing in type '(handler: TimerHandler) => ReturnType<typeof setTimeout>' but required in type 'typeof setTimeout'.
mls-102025/l2/collabMessagesSyncNotifications.test.ts(149,68): error TS2352: Conversion of type '(handler: TimerHandler) => ReturnType<typeof setTimeout>' to type 'typeof setTimeout' may be a mistake because neither type sufficiently overlaps with the other. If this was intentional, convert the expression to 'unknown' first.
  Property '__promisify__' is missing in type '(handler: TimerHandler) => ReturnType<typeof setTimeout>' but required in type 'typeof setTimeout'.
mls-102025/l2/collabMessagesSyncNotifications.test.ts(184,71): error TS2352: Conversion of type '(handler: TimerHandler, ms?: number) => ReturnType<typeof setInterval>' to type '{ (handler: TimerHandler, timeout?: number | undefined, ...arguments: any[]): number; <TArgs extends any[]>(callback: (...args: TArgs) => void, delay?: number | undefined, ...args: TArgs): Timeout; (callback: (_: void) => void, delay?: number | undefined): Timeout; }' may be a mistake because neither type sufficiently overlaps with the other. If this was intentional, convert the expression to 'unknown' first.
  Type 'Timeout' is not comparable to type 'number'.
mls-102025/l2/collabMessagesSyncNotifications.test.ts(339,68): error TS2352: Conversion of type '(handler: TimerHandler) => ReturnType<typeof setTimeout>' to type 'typeof setTimeout' may be a mistake because neither type sufficiently overlaps with the other. If this was intentional, convert the expression to 'unknown' first.
  Property '__promisify__' is missing in type '(handler: TimerHandler) => ReturnType<typeof setTimeout>' but required in type 'typeof setTimeout'.
mls-102025/l2/collabMessagesTestplay.test.ts(65,24): error TS2352: Conversion of type '() => Promise<{ status: number; headers: { get: (name: string) => string | null; }; }>' to type '{ (input: URL | RequestInfo, init?: RequestInit | undefined): Promise<Response>; (input: string | URL | Request, init?: RequestInit | undefined): Promise<...>; }' may be a mistake because neither type sufficiently overlaps with the other. If this was intentional, convert the expression to 'unknown' first.
  Type 'Promise<{ status: number; headers: { get: (name: string) => string | null; }; }>' is not comparable to type 'Promise<Response>'.
    Type '{ status: number; headers: { get: (name: string) => string | null; }; }' is missing the following properties from type 'Response': ok, redirected, statusText, type, and 10 more.
mls-102025/l2/notificationsRuntime.test.ts(27,42): error TS2722: Cannot invoke an object which is possibly 'undefined'.
mls-102025/l2/notificationsRuntime.test.ts(28,28): error TS2722: Cannot invoke an object which is possibly 'undefined'.
mls-102025/l2/notificationsRuntime.test.ts(29,42): error TS2722: Cannot invoke an object which is possibly 'undefined'.
mls-102025/l2/notificationsRuntime.test.ts(30,42): error TS2722: Cannot invoke an object which is possibly 'undefined'.
mls-102025/l2/notificationsRuntime.test.ts(31,36): error TS2722: Cannot invoke an object which is possibly 'undefined'.
mls-102025/l2/notificationsRuntime.test.ts(36,28): error TS2722: Cannot invoke an object which is possibly 'undefined'.
mls-102025/l2/notificationsRuntime.test.ts(41,23): error TS2722: Cannot invoke an object which is possibly 'undefined'.
mls-102025/l2/notificationsRuntime.test.ts(41,23): error TS18048: 'notificationsRuntime.getNotifySoundUrl' is possibly 'undefined'.
mls-102025/l2/notificationsRuntime.test.ts(63,32): error TS2722: Cannot invoke an object which is possibly 'undefined'.
mls-102025/l2/notificationsRuntime.test.ts(64,15): error TS2722: Cannot invoke an object which is possibly 'undefined'.
mls-102025/l2/notificationsRuntime.test.ts(65,15): error TS2722: Cannot invoke an object which is possibly 'undefined'.
mls-102029/l2/libCommom.test.ts(21,47): error TS2322: Type '{ getLanguage: () => string | undefined; }' is not assignable to type 'typeof sites & { getLanguage?: (() => string | undefined) | undefined; }'.
  Type '{ getLanguage: () => string | undefined; }' is missing the following properties from type 'typeof sites': register, getHeader, setHeader, getAside, and 8 more.
mls-102029/l2/libCommom.test.ts(23,47): error TS2322: Type 'undefined' is not assignable to type 'typeof sites & { getLanguage?: (() => string | undefined) | undefined; }'.
  Type 'undefined' is not assignable to type 'typeof sites'.
mls-102029/l2/libCommom.test.ts(26,20): error TS2790: The operand of a 'delete' operator must be optional.
mls-102029/l2/libCommom.test.ts(28,28): error TS2322: Type '{ lang: string; }' is not assignable to type 'HTMLElement & { lang: string; }'.
  Type '{ lang: string; }' is missing the following properties from type 'HTMLElement': accessKey, accessKeyLabel, autocapitalize, autocorrect, and 313 more.
mls-102029/l2/libCommom.test.ts(32,59): error TS2790: The operand of a 'delete' operator must be optional.
mls-102029/l2/libCommom.test.ts(33,74): error TS2790: The operand of a 'delete' operator must be optional.
mls-102033/l2/cbe/runtimeMessagesEnvironment.test.ts(67,20): error TS2352: Conversion of type 'typeof globalThis' to type 'MlsHolder' may be a mistake because neither type sufficiently overlaps with the other. If this was intentional, convert the expression to 'unknown' first.
  The types returned by 'mls.bots.getBotContextVarsBeforeMessageSend(...)' are incompatible between these types.
    Type 'string[]' is missing the following properties from type 'Promise<string[]>': then, catch, finally, [Symbol.toStringTag]
mls-102033/l2/cbe/serviceRuntimeMessages.ts(195,18): error TS2339: Property 'activeTab' does not exist on type 'ServiceRuntimeMessages'.
mls-102035/l2/agentExportSolution/packSolution.test.ts(121,52): error TS2352: Conversion of type 'Ns4RulesArtifact' to type 'Record<string, unknown>' may be a mistake because neither type sufficiently overlaps with the other. If this was intentional, convert the expression to 'unknown' first.
  Index signature for type 'string' is missing in type 'Ns4RulesArtifact'.
mls-102035/l2/agentNewSolution/steps/e8/collectionInspect.test.ts(125,18): error TS2741: Property 'authorityRefs' is missing in type '{ operationId: string; title: string; kind: "query"; entityRef: string; entityRefs: string[]; accessPattern: { kind: "getById"; }; inputs: { inputId: string; fieldRef: { entityId: string; fieldId: string; }; source: "routeParam"; required: true; description: string; }[]; ... 4 more ...; useCaseId: string; }' but required in type 'Ns4E8Operation'.
mls-102035/l2/agentNewSolution/steps/e8/collectionInspect.test.ts(130,8): error TS2741: Property 'authorityRefs' is missing in type '{ operationId: string; title: string; kind: "query"; entityRef: string; entityRefs: string[]; accessPattern: { kind: "list"; pagination: "optional"; }; inputs: never[]; outputRefs: string[]; useRules: never[]; transitionRefs: never[]; story: never[]; useCaseId: string; }' but required in type 'Ns4E8Operation'.
mls-102035/l2/agentNewSolution/steps/e8/collectionInspect.test.ts(134,8): error TS2741: Property 'authorityRefs' is missing in type '{ operationId: string; title: string; kind: "query"; entityRef: string; entityRefs: string[]; accessPattern: { kind: "getById"; }; inputs: { inputId: string; fieldRef: { entityId: string; fieldId: string; }; source: "routeParam"; required: true; description: string; }[]; ... 4 more ...; useCaseId: string; }' but required in type 'Ns4E8Operation'.
mls-102035/l2/agentNewSolution/steps/e8/commandKeySource.test.ts(60,3): error TS2741: Property 'authorityRefs' is missing in type '{ operationId: string; title: string; kind: "command"; entityRef: string; entityRefs: string[]; accessPattern: { kind: "commandInput"; }; inputs: Ns4E8Input[]; outputRefs: string[]; useRules: never[]; transitionRefs: never[]; story: string[]; }' but required in type 'Ns4E8Operation'.
mls-102035/l2/agentNewSolution/steps/e8/commandKeySource.test.ts(142,7): error TS2741: Property 'authorityRefs' is missing in type '{ operationId: string; title: string; kind: "query"; entityRef: string; entityRefs: string[]; accessPattern: { kind: "list"; }; inputs: never[]; outputRefs: string[]; useRules: never[]; transitionRefs: never[]; story: string[]; }' but required in type 'Ns4E8Operation'.
mls-102035/l2/agentNewSolution/steps/e8/commandKeySource.test.ts(214,5): error TS2741: Property 'authorityRefs' is missing in type '{ operationId: string; title: string; kind: "query"; entityRef: string; entityRefs: string[]; accessPattern: { kind: "list"; }; inputs: never[]; outputRefs: string[]; useRules: never[]; transitionRefs: never[]; story: string[]; }' but required in type 'Ns4E8Operation'.
mls-102035/l2/agentNewSolution/steps/e8/commandKeySource.test.ts(227,5): error TS2741: Property 'authorityRefs' is missing in type '{ operationId: string; title: string; kind: "command"; entityRef: string; entityRefs: string[]; accessPattern: { kind: "commandInput"; }; inputs: { inputId: string; fieldRef: { entityId: string; fieldId: string; }; source: "selectedEntity"; required: true; description: string; }[]; outputRefs: string[]; useRules: ne...' but required in type 'Ns4E8Operation'.
mls-102035/l2/agentNewSolution/steps/e8/commandKeySource.test.ts(267,25): error TS2345: Argument of type '{ operationId: string; title: string; kind: "command"; entityRef: string; entityRefs: string[]; accessPattern: { kind: "commandInput"; }; inputs: { inputId: string; fieldRef: { entityId: string; fieldId: string; }; source: "selectedEntity"; required: true; description: string; }[]; outputRefs: string[]; useRules: ne...' is not assignable to parameter of type 'Ns4E8Operation'.
  Property 'authorityRefs' is missing in type '{ operationId: string; title: string; kind: "command"; entityRef: string; entityRefs: string[]; accessPattern: { kind: "commandInput"; }; inputs: { inputId: string; fieldRef: { entityId: string; fieldId: string; }; source: "selectedEntity"; required: true; description: string; }[]; outputRefs: string[]; useRules: ne...' but required in type 'Ns4E8Operation'.
mls-102035/l2/agentNewSolution/steps/e8/landingRequiredInput.test.ts(86,18): error TS2741: Property 'authorityRefs' is missing in type '{ operationId: string; title: string; kind: "query"; entityRef: string; entityRefs: string[]; accessPattern: { kind: "getById"; }; inputs: { inputId: string; fieldRef: { entityId: string; fieldId: string; }; source: "selectedEntity"; required: true; description: string; }[]; outputRefs: never[]; useRules: never[]; t...' but required in type 'Ns4E8Operation'.
mls-102035/l2/agentNewSolution/steps/e8/landingRequiredInput.test.ts(122,25): error TS2345: Argument of type '{ operationId: string; title: string; kind: "query"; entityRef: string; entityRefs: string[]; accessPattern: { kind: "list"; }; inputs: never[]; outputRefs: never[]; useRules: never[]; transitionRefs: never[]; story: string[]; }' is not assignable to parameter of type 'Ns4E8Operation'.
  Property 'authorityRefs' is missing in type '{ operationId: string; title: string; kind: "query"; entityRef: string; entityRefs: string[]; accessPattern: { kind: "list"; }; inputs: never[]; outputRefs: never[]; useRules: never[]; transitionRefs: never[]; story: string[]; }' but required in type 'Ns4E8Operation'.
mls-102035/l2/agentNewSolution/steps/e8/mdmIdField.test.ts(38,18): error TS2741: Property 'authorityRefs' is missing in type '{ operationId: string; title: string; kind: "command"; entityRef: string; entityRefs: string[]; accessPattern: { kind: "commandInput"; }; inputs: { inputId: string; fieldRef: { entityId: string; fieldId: string; }; source: "selectedEntity"; required: true; description: string; }[]; outputRefs: never[]; useRules: nev...' but required in type 'Ns4E8Operation'.
mls-102035/l2/agentNewSolution/steps/e8/ownerActorSession.test.ts(129,18): error TS2741: Property 'authorityRefs' is missing in type '{ operationId: string; title: string; kind: "command"; entityRef: string; entityRefs: string[]; accessPattern: { kind: "create"; }; inputs: { inputId: string; fieldRef: { entityId: string; fieldId: string; }; source: "userInput"; required: true; description: string; }[]; outputRefs: never[]; useRules: never[]; trans...' but required in type 'Ns4E8Operation'.
mls-102035/l2/agentNewSolution/steps/e8/ownerActorSession.test.ts(148,18): error TS2741: Property 'authorityRefs' is missing in type '{ operationId: string; title: string; kind: "command"; entityRef: string; entityRefs: string[]; accessPattern: { kind: "create"; }; inputs: ({ inputId: string; fieldRef: { entityId: string; fieldId: string; }; source: "actorSession"; required: true; description: string; } | { ...; })[]; outputRefs: never[]; useRules...' but required in type 'Ns4E8Operation'.
mls-102035/l2/agentNewSolution/steps/e8/placeConsolidation.test.ts(224,18): error TS2741: Property 'authorityRefs' is missing in type '{ operationId: string; title: string; kind: "query"; entityRef: string; entityRefs: string[]; accessPattern: { kind: "list"; }; inputs: never[]; outputRefs: never[]; useRules: never[]; transitionRefs: never[]; story: never[]; }' but required in type 'Ns4E8Operation'.
mls-102035/l2/agentNewSolution5/helpers/ns5RealFixtures.test.ts(141,54): error TS2304: Cannot find name 'Ns5OntologyAnyEntity'.
mls-102035/l2/agentNewSolution5/helpers/ns5RealFixtures.test.ts(144,17): error TS2304: Cannot find name 'Ns5OntologyAnyEntity'.
mls-102035/l2/agentNewSolution5/replayRealRuns.test.ts(95,31): error TS2304: Cannot find name 'Ns5OntologyAnyEntity'.
mls-102035/l2/agentNewSolution5/replayRealRuns.test.ts(136,10): error TS18047: 'recorded' is possibly 'null'.
mls-102035/l2/agentNewSolution5/replayRealRuns.test.ts(223,15): error TS2339: Property 'fieldsBase' does not exist on type '(Ns5OntologyEntityArtifact & { fieldsBase?: unknown; }) | null'.
mls-102035/l2/agentNewSolution5/replayRealRuns.test.ts(225,29): error TS18047: 'recordedJson' is possibly 'null'.
mls-102035/l2/agentNewSolution5/replayRealRuns.test.ts(365,16): error TS18047: 'v2' is possibly 'null'.
mls-102035/l2/agentNewSolution5/replayRealRuns.test.ts(366,16): error TS18047: 'v3' is possibly 'null'.
mls-102035/l2/agentNewSolution5/replayRealRuns.test.ts(367,16): error TS18047: 'v3' is possibly 'null'.
mls-102035/l2/agentNewSolution5/steps/access60/agentNs5Access.test.ts(69,33): error TS7006: Parameter 'field' implicitly has an 'any' type.
mls-102035/l2/agentNewSolution5/steps/access60/agentNs5Access.test.ts(76,23): error TS2339: Property 'fromEntity' does not exist on type 'Ns5OntologyRelationship | Ns5OntologyIndexRelationshipV3'.
  Property 'fromEntity' does not exist on type 'Ns5OntologyIndexRelationshipV3'.
mls-102035/l2/agentNewSolution5/steps/access60/agentNs5Access.test.ts(77,21): error TS2339: Property 'toEntity' does not exist on type 'Ns5OntologyRelationship | Ns5OntologyIndexRelationshipV3'.
  Property 'toEntity' does not exist on type 'Ns5OntologyIndexRelationshipV3'.
mls-102035/l2/agentNewSolution5/steps/access60/agentNs5Access.test.ts(502,8): error TS2304: Cannot find name 'Ns5OntologyEntityArtifact'.
mls-102035/l2/agentNewSolution5/steps/access60/agentNs5Access.test.ts(520,8): error TS2304: Cannot find name 'Ns5OntologyEntityArtifact'.
mls-102035/l2/agentNewSolution5/steps/access60/agentNs5Access.test.ts(535,8): error TS2304: Cannot find name 'Ns5JourneyArtifact'.
mls-102035/l2/agentNewSolution5/steps/access60/agentNs5Access.test.ts(551,7): error TS2353: Object literal may only specify known properties, and 'persistence' does not exist in type 'Ns5OntologyEdgeView'.
mls-102035/l2/agentNewSolution5/steps/access60/ns5AccessPaths.test.ts(86,28): error TS7006: Parameter 'field' implicitly has an 'any' type.
mls-102035/l2/agentNewSolution5/steps/access60/ns5AccessPaths.test.ts(264,33): error TS7006: Parameter 'field' implicitly has an 'any' type.
mls-102035/l2/agentNewSolution5/steps/finalize80/agentNs5Finalize.test.ts(69,3): error TS2322: Type 'Record<string, string>' is not assignable to type 'Record<string, Ns5OntologyDetail>'.
  'string' index signatures are incompatible.
    Type 'string' is not assignable to type 'Ns5OntologyDetail'.
mls-102035/l2/agentNewSolution5/steps/finalize80/agentNs5Finalize.test.ts(92,5): error TS2739: Type '{ mdmType: string; idField?: string | undefined; }' is missing the following properties from type '{ target: "external" | "mdm" | "moduleDatabase"; scope: string; idField: string; mdmType?: string | undefined; }': target, scope
mls-102035/l2/agentNewSolution5/steps/finalize80/agentNs5Finalize.test.ts(94,9): error TS2739: Type '{ entityId: string; party: "none"; lifecycleStates: never[]; transitions: never[]; title: string; description: string; kind: string; writerKind: string; mdmSubtype?: string | undefined; writer?: "inbound" | "crud" | "journey" | undefined; ... 10 more ...; source: Ns5OntologyAnyEntity; }' is missing the following properties from type 'Ns5OntologyEntityArtifact': schemaVersion, moduleName
mls-102035/l2/agentNewSolution5/steps/finalize80/agentNs5Finalize.test.ts(106,34): error TS2339: Property 'push' does not exist on type 'string[] | readonly Ns5OntologyIndexEntityV3[]'.
  Property 'push' does not exist on type 'readonly Ns5OntologyIndexEntityV3[]'.
mls-102035/l2/agentNewSolution5/steps/finalize80/agentNs5Finalize.test.ts(149,5): error TS2739: Type '{ mdmType: string; idField?: string | undefined; }' is missing the following properties from type '{ target: "external" | "mdm" | "moduleDatabase"; scope: string; idField: string; mdmType?: string | undefined; }': target, scope
mls-102035/l2/agentNewSolution5/steps/finalize80/agentNs5Finalize.test.ts(151,9): error TS2739: Type '{ entityId: string; party: "none"; lifecycleStates: never[]; transitions: never[]; title: string; description: string; kind: string; writerKind: string; mdmSubtype?: string | undefined; writer?: "inbound" | "crud" | "journey" | undefined; ... 10 more ...; source: Ns5OntologyAnyEntity; }' is missing the following properties from type 'Ns5OntologyEntityArtifact': schemaVersion, moduleName
mls-102035/l2/agentNewSolution5/steps/finalize80/agentNs5Finalize.test.ts(163,34): error TS2339: Property 'push' does not exist on type 'string[] | readonly Ns5OntologyIndexEntityV3[]'.
  Property 'push' does not exist on type 'readonly Ns5OntologyIndexEntityV3[]'.
mls-102035/l2/agentNewSolution5/steps/finalize80/agentNs5Finalize.test.ts(192,34): error TS2339: Property 'push' does not exist on type 'string[] | readonly Ns5OntologyIndexEntityV3[]'.
  Property 'push' does not exist on type 'readonly Ns5OntologyIndexEntityV3[]'.
mls-102035/l2/agentNewSolution5/steps/finalize80/agentNs5Finalize.test.ts(243,36): error TS2339: Property 'push' does not exist on type 'string[] | readonly Ns5OntologyIndexEntityV3[]'.
  Property 'push' does not exist on type 'readonly Ns5OntologyIndexEntityV3[]'.
mls-102035/l2/agentNewSolution5/steps/finalize80/agentNs5Finalize.test.ts(244,41): error TS2339: Property 'push' does not exist on type 'Ns5OntologyRelationship[] | readonly Ns5OntologyIndexRelationshipV3[]'.
  Property 'push' does not exist on type 'readonly Ns5OntologyIndexRelationshipV3[]'.
mls-102035/l2/agentNewSolution5/steps/finalize80/agentNs5Finalize.test.ts(262,34): error TS2339: Property 'push' does not exist on type 'string[] | readonly Ns5OntologyIndexEntityV3[]'.
  Property 'push' does not exist on type 'readonly Ns5OntologyIndexEntityV3[]'.
mls-102035/l2/agentNewSolution5/steps/finalize80/agentNs5Finalize.test.ts(308,5): error TS2322: Type '(string | Ns5OntologyIndexEntityV3)[]' is not assignable to type 'string[]'.
  Type 'string | Ns5OntologyIndexEntityV3' is not assignable to type 'string'.
    Type 'Ns5OntologyIndexEntityV3' is not assignable to type 'string'.
mls-102035/l2/agentNewSolution5/steps/finalize80/agentNs5Finalize.test.ts(415,9): error TS2339: Property 'mutability' does not exist on type 'Ns5OntologyEntityViewItem'.
mls-102035/l2/agentNewSolution5/steps/finalize80/agentNs5Finalize.test.ts(514,7): error TS2322: Type '"2026-09-10-ns5-integration-v1"' is not assignable to type '"2026-09-12-ns5-integration-v2"'.
mls-102035/l2/agentNewSolution5/steps/finalize80/agentNs5Finalize.test.ts(615,23): error TS2349: This expression is not callable.
  Not all constituents of type 'string | ((...items: Ns5Rule[]) => number)' are callable.
    Type 'string' has no call signatures.
mls-102035/l2/agentNewSolution5/steps/finalize80/agentNs5Finalize.test.ts(899,33): error TS2353: Object literal may only specify known properties, and 'title' does not exist in type '{ fieldId: string; }'.
mls-102035/l2/agentNewSolution5/steps/finalize80/agentNs5Finalize.test.ts(900,25): error TS2353: Object literal may only specify known properties, and 'title' does not exist in type '{ fieldId: string; }'.
mls-102035/l2/agentNewSolution5/steps/finalize80/agentNs5Finalize.test.ts(901,33): error TS2353: Object literal may only specify known properties, and 'title' does not exist in type '{ fieldId: string; }'.
mls-102035/l2/agentNewSolution5/steps/finalize80/agentNs5Finalize.test.ts(1328,5): error TS2322: Type 'Ns5OntologyEntityViewItem[]' is not assignable to type '{ entityId: string; kind?: string | undefined; class?: string | undefined; party?: string | undefined; mdmSubtype?: string | undefined; roleTag?: string | undefined; storage?: { target?: string | undefined; mdmType?: string | undefined; } | undefined; }[]'.
  Type 'Ns5OntologyEntityViewItem' is not assignable to type '{ entityId: string; kind?: string | undefined; class?: string | undefined; party?: string | undefined; mdmSubtype?: string | undefined; roleTag?: string | undefined; storage?: { target?: string | undefined; mdmType?: string | undefined; } | undefined; }'.
    Types of property 'storage' are incompatible.
      Type '{ idField: string; } | undefined' is not assignable to type '{ target?: string | undefined; mdmType?: string | undefined; } | undefined'.
        Type '{ idField: string; }' has no properties in common with type '{ target?: string | undefined; mdmType?: string | undefined; }'.
mls-102035/l2/agentNewSolution5/steps/finalize80/agentNs5Finalize.test.ts(1394,18): error TS2352: Conversion of type '{ input: never[]; payload: { result: string; }[]; }' to type 'AIInteraction' may be a mistake because neither type sufficiently overlaps with the other. If this was intentional, convert the expression to 'unknown' first.
  Type '{ input: never[]; payload: { result: string; }[]; }' is missing the following properties from type 'AIInteraction': cost, trace
mls-102035/l2/agentNewSolution5/steps/finalize80/agentNs5Finalize.test.ts(1403,19): error TS2352: Conversion of type '{ message: { orderAt: string; threadId: string; content: string; }; task: { PK: string; iaCompressed: { nextSteps: mls.msg.AIAgentStep[]; longMemory: { moduleName: string; }; }; }; }' to type 'ExecutionContext' may be a mistake because neither type sufficiently overlaps with the other. If this was intentional, convert the expression to 'unknown' first.
  Property 'isTest' is missing in type '{ message: { orderAt: string; threadId: string; content: string; }; task: { PK: string; iaCompressed: { nextSteps: mls.msg.AIAgentStep[]; longMemory: { moduleName: string; }; }; }; }' but required in type 'ExecutionContext'.
mls-102035/l2/agentNewSolution5/steps/ontology30/agentNs5Ontology.test.ts(224,55): error TS2353: Object literal may only specify known properties, and 'affects' does not exist in type '{ effect?: "create" | "update" | "transition" | undefined; transitionRef?: string | undefined; stepId: string; kind: "act" | "decide" | "locate" | "inspect"; entity: string; title: string; description: string; }'.
mls-102035/l2/agentNewSolution5/steps/ontology30/agentNs5Ontology.test.ts(1717,5): error TS2353: Object literal may only specify known properties, and 'affects' does not exist in type '{ effect?: "create" | "update" | "transition" | undefined; transitionRef?: string | undefined; stepId: string; kind: "act" | "decide" | "locate" | "inspect"; entity: string; title: string; description: string; }'.
mls-102035/l2/agentNewSolution5/steps/ontology30/agentNs5OntologyV3.test.ts(360,3): error TS2542: Index signature in type 'Readonly<Record<string, Ns5OntologyFieldV3>>' only permits reading.
mls-102035/l2/agentNewSolution5/steps/ontology30/agentNs5OntologyV3.test.ts(798,3): error TS2542: Index signature in type 'Readonly<Record<string, Ns5OntologyFieldV3>>' only permits reading.
mls-102035/l2/agentNewSolution5/steps/ontology30/writerDerived.test.ts(149,36): error TS2339: Property 'push' does not exist on type 'string[] | readonly Ns5OntologyIndexEntityV3[]'.
  Property 'push' does not exist on type 'readonly Ns5OntologyIndexEntityV3[]'.
mls-102035/l2/agentNewSolution5/steps/ontology30/writerDerived.test.ts(151,39): error TS2339: Property 'push' does not exist on type 'Ns5OntologyRelationship[] | readonly Ns5OntologyIndexRelationshipV3[]'.
  Property 'push' does not exist on type 'readonly Ns5OntologyIndexRelationshipV3[]'.
mls-102035/l2/agentNewSolution5/steps/ontology30/writerDerived.test.ts(234,5): error TS2322: Type '{ journeyId: string; business: { actorRef: string; steps: { stepId: string; kind: string; entity: string; }[]; }; }[]' is not assignable to type 'readonly Pick<Ns5JourneyArtifact, "business">[]'.
  Type '{ journeyId: string; business: { actorRef: string; steps: { stepId: string; kind: string; entity: string; }[]; }; }' is not assignable to type 'Pick<Ns5JourneyArtifact, "business">'.
    Types of property 'business' are incompatible.
      Type '{ actorRef: string; steps: { stepId: string; kind: string; entity: string; }[]; }' is missing the following properties from type '{ actorRef: string; title: string; goal: string; entry: { mode: "coldStart" | "contextOrLookup" | "fromNotification"; }; steps: Ns5JourneyStep[]; outcome: { statement: string; evidence: string[]; }; }': title, goal, entry, outcome
mls-102035/l2/agentNewSolution5/steps/workflows50/agentNs5Workflows.test.ts(187,39): error TS7006: Parameter 'transition' implicitly has an 'any' type.
mls-102035/l2/agentNewSolution5/steps/workflows50/agentNs5Workflows.test.ts(757,16): error TS2740: Type 'Ns5OntologyEntityArtifact' is missing the following properties from type 'Ns5OntologyEntityViewItem': writerKind, idField, fieldRefs, columnIds, and 2 more.
mls-102035/l2/newRelease/helpers/candidateGateway.test.ts(89,5): error TS2353: Object literal may only specify known properties, and 'candidateIO' does not exist in type 'typeof mls'.
mls-102035/l2/newRelease/helpers/reviewRunWorker.test.ts(136,15): error TS2352: Conversion of type '{ binding: { inputRevisionId: string; }; candidateResult: { manifest: { runId: string; }; }; }' to type 'Pick<PlatformReviewRun, "binding" | "candidateResult">' may be a mistake because neither type sufficiently overlaps with the other. If this was intentional, convert the expression to 'unknown' first.
  Types of property 'binding' are incompatible.
    Type '{ inputRevisionId: string; }' is not comparable to type 'ReviewWorkerIdentity & { inputRevisionNumber: number; originalL4Path: string; temporaryL4Path: string; request?: string | undefined; }'.
      Type '{ inputRevisionId: string; }' is missing the following properties from type 'ReviewWorkerIdentity': userId, project, moduleName, changeId, and 5 more.
mls-102035/l2/newRelease/tobe.test.ts(85,62): error TS2322: Type 'NewReleaseArtifact<Ns5RulesAny>' is not assignable to type 'NewReleaseArtifact<Ns5RulesArtifact>'.
  Type 'Ns5RulesAny' is not assignable to type 'Ns5RulesArtifact'.
    Type 'Ns5RulesArtifactV2' is not assignable to type 'Ns5RulesArtifact'.
      Types of property 'schemaVersion' are incompatible.
        Type '"2026-09-16-ns5-rules-v2"' is not assignable to type '"2026-09-10-ns5-rules-v1"'.
mls-102035/l2/newRelease/widgets/accessModel.test.ts(16,3): error TS2322: Type 'number' is not assignable to type '"2026-09-12-ns5-access-v3"'.
mls-102035/l2/newRelease/widgets/accessModel.test.ts(34,3): error TS2322: Type 'number' is not assignable to type '"2026-09-11-ns5-ontology-v2"'.
mls-102035/l2/newRelease/widgets/accessModel.test.ts(38,19): error TS2741: Property 'realization' is missing in type '{ relationshipId: string; fromEntity: string; toEntity: string; type: string; required: true; description: string; persistence: { mode: "moduleReference"; }; }' but required in type 'Ns5OntologyRelationship'.
mls-102035/l2/newRelease/widgets/accessModel.test.ts(46,5): error TS2322: Type 'number' is not assignable to type '"2026-09-11-ns5-ontology-v2"'.
mls-102035/l2/newRelease/widgets/rulesModel.test.ts(33,3): error TS2322: Type 'number' is not assignable to type '"2026-09-11-ns5-ontology-v2"'.
mls-102035/l2/newRelease/widgets/rulesModel.test.ts(46,3): error TS2322: Type 'number' is not assignable to type '"2026-09-10-ns5-journey-v1"'.
mls-102035/l2/solution/removeModule.test.ts(127,15): error TS2739: Type '{ mdmSubtype: string; role: string; namespace: string; }' is missing the following properties from type 'Ns4SolutionRegistryRole': subtype, roleTag
mls-102035/l2/solution/rulesView.test.ts(110,45): error TS2322: Type '{ rules: {}; schemaVersion: "2026-09-10-ns5-rules-v1"; moduleName: string; } | { rules: {}; schemaVersion: "2026-09-16-ns5-rules-v2"; moduleName: string; }' is not assignable to type 'Ns5RulesAny'.
  Type '{ rules: {}; schemaVersion: typeof NS5_RULES_SCHEMA_VERSION; moduleName: string; }' is not assignable to type 'Ns5RulesAny'.
    Type '{ rules: {}; schemaVersion: typeof NS5_RULES_SCHEMA_VERSION; moduleName: string; }' is not assignable to type 'Ns5RulesArtifact'.
      Types of property 'rules' are incompatible.
        Type '{}' is missing the following properties from type 'Ns5Rule[]': length, pop, push, concat, and 29 more.
mls-102039/l2/controleChamados/web/shared/chamadoCatalogue.test.ts(16,43): error TS2344: Type 'false' does not satisfy the constraint 'true'.
mls-102039/l2/controleChamados/web/shared/chamadoCatalogue.test.ts(17,46): error TS2344: Type 'false' does not satisfy the constraint 'true'.
mls-102039/l2/controleChamados/web/shared/chamadoCatalogue.test.ts(22,45): error TS2344: Type 'false' does not satisfy the constraint 'true'.
mls-102039/l2/controleChamados/web/shared/chamadoCatalogue.test.ts(29,45): error TS2344: Type 'false' does not satisfy the constraint 'true'.
mls-102039/l2/controleChamados/web/shared/chamadoCatalogue.test.ts(43,44): error TS2344: Type 'false' does not satisfy the constraint 'true'.
mls-102039/l2/controleChamados/web/shared/comentarioCatalogue.test.ts(38,45): error TS2344: Type 'false' does not satisfy the constraint 'true'.
mls-102039/l2/controleChamados/web/shared/comentarioCatalogue.test.ts(39,48): error TS2344: Type 'false' does not satisfy the constraint 'true'.
mls-102039/l4/controleChamados/access/access-matrix.defs.ts(106,5): error TS2353: Object literal may only specify known properties, and '"operationAuthorityRefs"' does not exist in type '{ status: "useCasesCompiled"; compiledFromAccessHash: string; useCaseAuthorityRefs: Ns4AccessUseCaseAuthorityRef[]; realizationHash: string; }'.
mls-102039/l4/controleChamados/module.defs.ts(9,5): error TS2741: Property '"e4b-access-realization"' is missing in type '{ readonly "e1-clarification": "Definir o ponto de partida"; readonly "e1-compile": "Organizar a ideia"; readonly "e2-journeys": "Visualizar as jornadas"; readonly "e3-access-matrix": "Revisar os acessos"; ... 6 more ...; readonly "e10-validation": "Validar o resultado"; }' but required in type 'Record<"e1-clarification" | "e1-compile" | "e2-journeys" | "e3-access-matrix" | "e4-ontology" | "e4b-access-realization" | "e5-rules" | "e6-behaviors" | "e7-realization" | "e8-workspaces" | "e9-navigation-compiler" | "e10-validation", string>'.
mls-102039/l4/controleChamados/module.defs.ts(50,7): error TS2741: Property 'origin' is missing in type '{ readonly actorId: "atendente"; readonly title: "Atendente"; readonly kind: "internal"; readonly expectedOutcome: "Registrar o chamado, escrever comentários e fechá-lo."; }' but required in type '{ actorId: string; title: string; kind: "system" | "external" | "internal"; origin: "named" | "inferred"; expectedOutcome: string; }'.
mls-102039/l4/controleChamados/ontology/Chamado.defs.ts(84,5): error TS2322: Type 'string' is not assignable to type 'Ns4LifecycleState'.
mls-102039/l4/controleChamados/ontology/Chamado.defs.ts(85,5): error TS2322: Type 'string' is not assignable to type 'Ns4LifecycleState'.
mls-102039/l4/controleChamados/usecases/closeChamado.defs.ts(6,3): error TS2322: Type '"2026-08-10-ns4-usecase-v3"' is not assignable to type '"2026-09-09-ns4-usecase-v4"'.
mls-102039/l4/controleChamados/usecases/index.defs.ts(6,3): error TS2322: Type '"2026-08-10-ns4-usecase-index-v3"' is not assignable to type '"2026-09-09-ns4-usecase-index-v4"'.
mls-102039/l4/controleChamados/usecases/locateChamado.defs.ts(6,3): error TS2322: Type '"2026-08-10-ns4-usecase-v3"' is not assignable to type '"2026-09-09-ns4-usecase-v4"'.
mls-102039/l4/controleChamados/usecases/registerChamado.defs.ts(6,3): error TS2322: Type '"2026-08-10-ns4-usecase-v3"' is not assignable to type '"2026-09-09-ns4-usecase-v4"'.
mls-102039/l4/controleChamados/usecases/registerComentario.defs.ts(6,3): error TS2322: Type '"2026-08-10-ns4-usecase-v3"' is not assignable to type '"2026-09-09-ns4-usecase-v4"'.
mls-102043/l2/controleChamados/web/shared/chamadoCatalogue.test.ts(16,43): error TS2344: Type 'false' does not satisfy the constraint 'true'.
mls-102043/l2/controleChamados/web/shared/chamadoCatalogue.test.ts(17,46): error TS2344: Type 'false' does not satisfy the constraint 'true'.
mls-102043/l2/controleChamados/web/shared/chamadoCatalogue.test.ts(22,45): error TS2344: Type 'false' does not satisfy the constraint 'true'.
mls-102043/l2/controleChamados/web/shared/chamadoCatalogue.test.ts(29,45): error TS2344: Type 'false' does not satisfy the constraint 'true'.
mls-102043/l2/controleChamados/web/shared/chamadoCatalogue.test.ts(43,43): error TS2344: Type 'false' does not satisfy the constraint 'true'.
mls-102043/l2/controleChamados/web/shared/chamadoHub.test.ts(16,43): error TS2344: Type 'false' does not satisfy the constraint 'true'.
mls-102043/l2/controleChamados/web/shared/chamadoHub.test.ts(17,46): error TS2344: Type 'false' does not satisfy the constraint 'true'.
mls-102043/l2/controleChamados/web/shared/comentarioCatalogue.test.ts(38,45): error TS2344: Type 'false' does not satisfy the constraint 'true'.
mls-102043/l2/controleChamados/web/shared/comentarioCatalogue.test.ts(39,48): error TS2344: Type 'false' does not satisfy the constraint 'true'.
mls-102043/l4/controleChamados/access/access-matrix.defs.ts(169,5): error TS2353: Object literal may only specify known properties, and '"operationAuthorityRefs"' does not exist in type '{ status: "useCasesCompiled"; compiledFromAccessHash: string; useCaseAuthorityRefs: Ns4AccessUseCaseAuthorityRef[]; realizationHash: string; }'.
mls-102043/l4/controleChamados/module.defs.ts(9,5): error TS2741: Property '"e4b-access-realization"' is missing in type '{ readonly "e1-clarification": "Definir o essencial"; readonly "e1-compile": "Organizar a ideia"; readonly "e2-journeys": "Mapear os caminhos"; readonly "e3-access-matrix": "Definir os acessos"; ... 6 more ...; readonly "e10-validation": "Validar a solução"; }' but required in type 'Record<"e1-clarification" | "e1-compile" | "e2-journeys" | "e3-access-matrix" | "e4-ontology" | "e4b-access-realization" | "e5-rules" | "e6-behaviors" | "e7-realization" | "e8-workspaces" | "e9-navigation-compiler" | "e10-validation", string>'.
mls-102043/l4/controleChamados/module.defs.ts(50,7): error TS2741: Property 'origin' is missing in type '{ readonly actorId: "atendente"; readonly title: "Atendente"; readonly kind: "internal"; readonly expectedOutcome: "Registrar o chamado, escrever comentários e fechá-lo"; }' but required in type '{ actorId: string; title: string; kind: "system" | "external" | "internal"; origin: "named" | "inferred"; expectedOutcome: string; }'.
mls-102043/l4/controleChamados/ontology/Chamado.defs.ts(88,5): error TS2322: Type 'string' is not assignable to type 'Ns4LifecycleState'.
mls-102043/l4/controleChamados/ontology/Chamado.defs.ts(89,5): error TS2322: Type 'string' is not assignable to type 'Ns4LifecycleState'.
mls-102043/l4/controleChamados/usecases/addComment.defs.ts(6,3): error TS2322: Type '"2026-08-10-ns4-usecase-v3"' is not assignable to type '"2026-09-09-ns4-usecase-v4"'.
mls-102043/l4/controleChamados/usecases/addInitialComment.defs.ts(6,3): error TS2322: Type '"2026-08-10-ns4-usecase-v3"' is not assignable to type '"2026-09-09-ns4-usecase-v4"'.
mls-102043/l4/controleChamados/usecases/captureTicket.defs.ts(6,3): error TS2322: Type '"2026-08-10-ns4-usecase-v3"' is not assignable to type '"2026-09-09-ns4-usecase-v4"'.
mls-102043/l4/controleChamados/usecases/closeTicket.defs.ts(6,3): error TS2322: Type '"2026-08-10-ns4-usecase-v3"' is not assignable to type '"2026-09-09-ns4-usecase-v4"'.
mls-102043/l4/controleChamados/usecases/index.defs.ts(6,3): error TS2322: Type '"2026-08-10-ns4-usecase-index-v3"' is not assignable to type '"2026-09-09-ns4-usecase-index-v4"'.
mls-102043/l4/controleChamados/usecases/locateOpenTicket.defs.ts(6,3): error TS2322: Type '"2026-08-10-ns4-usecase-v3"' is not assignable to type '"2026-09-09-ns4-usecase-v4"'.
mls-102043/l4/controleChamados/usecases/locateRegisteredTicket.defs.ts(6,3): error TS2322: Type '"2026-08-10-ns4-usecase-v3"' is not assignable to type '"2026-09-09-ns4-usecase-v4"'.
mls-102043/l4/controleChamados/usecases/locateTicketToClose.defs.ts(6,3): error TS2322: Type '"2026-08-10-ns4-usecase-v3"' is not assignable to type '"2026-09-09-ns4-usecase-v4"'.
mls-102046/l4/buildFlowFsm/access/access-matrix.defs.ts(854,5): error TS2353: Object literal may only specify known properties, and '"operationAuthorityRefs"' does not exist in type '{ status: "useCasesCompiled"; compiledFromAccessHash: string; useCaseAuthorityRefs: Ns4AccessUseCaseAuthorityRef[]; realizationHash: string; }'.
mls-102046/l4/buildFlowFsm/module.defs.ts(9,5): error TS2741: Property '"e4b-access-realization"' is missing in type '{ readonly "e1-clarification": "Defina o ponto de partida"; readonly "e1-compile": "Revise o resumo do aplicativo"; readonly "e2-journeys": "Veja as jornadas principais"; readonly "e3-access-matrix": "Confira os acessos por perfil"; ... 6 more ...; readonly "e10-validation": "Valide a solução"; }' but required in type 'Record<"e1-clarification" | "e1-compile" | "e2-journeys" | "e3-access-matrix" | "e4-ontology" | "e4b-access-realization" | "e5-rules" | "e6-behaviors" | "e7-realization" | "e8-workspaces" | "e9-navigation-compiler" | "e10-validation", string>'.
mls-102046/l4/buildFlowFsm/module.defs.ts(52,7): error TS2741: Property 'origin' is missing in type '{ readonly actorId: "projectManager"; readonly title: "Gerente de projeto"; readonly kind: "internal"; readonly expectedOutcome: "Enxergar orçamento versus realizado, prazos, alterações e status consolidado de cada obra."; }' but required in type '{ actorId: string; title: string; kind: "system" | "external" | "internal"; origin: "named" | "inferred"; expectedOutcome: string; }'.
mls-102046/l4/buildFlowFsm/module.defs.ts(58,7): error TS2741: Property 'origin' is missing in type '{ readonly actorId: "fieldCoordinator"; readonly title: "Coordenador de campo"; readonly kind: "internal"; readonly expectedOutcome: "Atribuir tarefas, acompanhar o registro diário e manter a execução alinhada ao cronograma."; }' but required in type '{ actorId: string; title: string; kind: "system" | "external" | "internal"; origin: "named" | "inferred"; expectedOutcome: string; }'.
mls-102046/l4/buildFlowFsm/module.defs.ts(64,7): error TS2741: Property 'origin' is missing in type '{ readonly actorId: "fieldWorker"; readonly title: "Trabalhador de campo"; readonly kind: "internal"; readonly expectedOutcome: "Registrar horas, andamento das tarefas e consumo de materiais da obra."; }' but required in type '{ actorId: string; title: string; kind: "system" | "external" | "internal"; origin: "named" | "inferred"; expectedOutcome: string; }'.
mls-102046/l4/buildFlowFsm/module.defs.ts(70,7): error TS2741: Property 'origin' is missing in type '{ readonly actorId: "billingStaff"; readonly title: "Equipe administrativa de faturamento"; readonly kind: "internal"; readonly expectedOutcome: "Acompanhar change orders e emitir o resumo de faturamento do cliente."; }' but required in type '{ actorId: string; title: string; kind: "system" | "external" | "internal"; origin: "named" | "inferred"; expectedOutcome: string; }'.
mls-102046/l4/buildFlowFsm/module.defs.ts(76,7): error TS2741: Property 'origin' is missing in type '{ readonly actorId: "client"; readonly title: "Cliente"; readonly kind: "external"; readonly expectedOutcome: "Receber comunicação clara sobre status da obra, alterações e valores a faturar."; }' but required in type '{ actorId: string; title: string; kind: "system" | "external" | "internal"; origin: "named" | "inferred"; expectedOutcome: string; }'.
mls-102046/l4/buildFlowFsm/ontology/ChangeOrder.defs.ts(143,5): error TS2322: Type 'string' is not assignable to type 'Ns4LifecycleState'.
mls-102046/l4/buildFlowFsm/ontology/ChangeOrder.defs.ts(144,5): error TS2322: Type 'string' is not assignable to type 'Ns4LifecycleState'.
mls-102046/l4/buildFlowFsm/ontology/ChangeOrder.defs.ts(145,5): error TS2322: Type 'string' is not assignable to type 'Ns4LifecycleState'.
mls-102046/l4/buildFlowFsm/ontology/ChangeOrder.defs.ts(146,5): error TS2322: Type 'string' is not assignable to type 'Ns4LifecycleState'.
mls-102046/l4/buildFlowFsm/ontology/ClientPortalAccess.defs.ts(86,5): error TS2322: Type 'string' is not assignable to type 'Ns4LifecycleState'.
mls-102046/l4/buildFlowFsm/ontology/ClientPortalAccess.defs.ts(87,5): error TS2322: Type 'string' is not assignable to type 'Ns4LifecycleState'.
mls-102046/l4/buildFlowFsm/ontology/InventoryBalance.defs.ts(91,5): error TS2322: Type 'string' is not assignable to type 'Ns4LifecycleState'.
mls-102046/l4/buildFlowFsm/ontology/InventoryBalance.defs.ts(92,5): error TS2322: Type 'string' is not assignable to type 'Ns4LifecycleState'.
mls-102046/l4/buildFlowFsm/ontology/InventoryBalance.defs.ts(93,5): error TS2322: Type 'string' is not assignable to type 'Ns4LifecycleState'.
mls-102046/l4/buildFlowFsm/ontology/InventoryItem.defs.ts(98,5): error TS2322: Type 'string' is not assignable to type 'Ns4LifecycleState'.
mls-102046/l4/buildFlowFsm/ontology/InventoryItem.defs.ts(99,5): error TS2322: Type 'string' is not assignable to type 'Ns4LifecycleState'.
mls-102046/l4/buildFlowFsm/ontology/Invoice.defs.ts(103,5): error TS2322: Type 'string' is not assignable to type 'Ns4LifecycleState'.
mls-102046/l4/buildFlowFsm/ontology/Invoice.defs.ts(104,5): error TS2322: Type 'string' is not assignable to type 'Ns4LifecycleState'.
mls-102046/l4/buildFlowFsm/ontology/Invoice.defs.ts(105,5): error TS2322: Type 'string' is not assignable to type 'Ns4LifecycleState'.
mls-102046/l4/buildFlowFsm/ontology/MaterialUsage.defs.ts(135,5): error TS2322: Type 'string' is not assignable to type 'Ns4LifecycleState'.
mls-102046/l4/buildFlowFsm/ontology/MaterialUsage.defs.ts(136,5): error TS2322: Type 'string' is not assignable to type 'Ns4LifecycleState'.
mls-102046/l4/buildFlowFsm/ontology/Project.defs.ts(155,5): error TS2322: Type 'string' is not assignable to type 'Ns4LifecycleState'.
mls-102046/l4/buildFlowFsm/ontology/Project.defs.ts(156,5): error TS2322: Type 'string' is not assignable to type 'Ns4LifecycleState'.
mls-102046/l4/buildFlowFsm/ontology/Project.defs.ts(157,5): error TS2322: Type 'string' is not assignable to type 'Ns4LifecycleState'.
mls-102046/l4/buildFlowFsm/ontology/Project.defs.ts(158,5): error TS2322: Type 'string' is not assignable to type 'Ns4LifecycleState'.
mls-102046/l4/buildFlowFsm/ontology/ProjectCoordinationAssignment.defs.ts(92,5): error TS2322: Type 'string' is not assignable to type 'Ns4LifecycleState'.
mls-102046/l4/buildFlowFsm/ontology/ProjectCoordinationAssignment.defs.ts(93,5): error TS2322: Type 'string' is not assignable to type 'Ns4LifecycleState'.
mls-102046/l4/buildFlowFsm/ontology/ProjectCoordinationAssignment.defs.ts(94,5): error TS2322: Type 'string' is not assignable to type 'Ns4LifecycleState'.
mls-102046/l4/buildFlowFsm/ontology/StatusReport.defs.ts(142,5): error TS2322: Type 'string' is not assignable to type 'Ns4LifecycleState'.
mls-102046/l4/buildFlowFsm/ontology/StatusReport.defs.ts(143,5): error TS2322: Type 'string' is not assignable to type 'Ns4LifecycleState'.
mls-102046/l4/buildFlowFsm/ontology/StatusReport.defs.ts(144,5): error TS2322: Type 'string' is not assignable to type 'Ns4LifecycleState'.
mls-102046/l4/buildFlowFsm/ontology/TimeLog.defs.ts(119,5): error TS2322: Type 'string' is not assignable to type 'Ns4LifecycleState'.
mls-102046/l4/buildFlowFsm/ontology/TimeLog.defs.ts(120,5): error TS2322: Type 'string' is not assignable to type 'Ns4LifecycleState'.
mls-102046/l4/buildFlowFsm/ontology/WorkTask.defs.ts(118,5): error TS2322: Type 'string' is not assignable to type 'Ns4LifecycleState'.
mls-102046/l4/buildFlowFsm/ontology/WorkTask.defs.ts(119,5): error TS2322: Type 'string' is not assignable to type 'Ns4LifecycleState'.
mls-102046/l4/buildFlowFsm/ontology/WorkTask.defs.ts(120,5): error TS2322: Type 'string' is not assignable to type 'Ns4LifecycleState'.
mls-102046/l4/buildFlowFsm/ontology/WorkTask.defs.ts(121,5): error TS2322: Type 'string' is not assignable to type 'Ns4LifecycleState'.
mls-102046/l4/buildFlowFsm/usecases/approveChangeOrderDecision.defs.ts(6,3): error TS2322: Type '"2026-08-10-ns4-usecase-v3"' is not assignable to type '"2026-09-09-ns4-usecase-v4"'.
mls-102046/l4/buildFlowFsm/usecases/createChangeOrder.defs.ts(6,3): error TS2322: Type '"2026-08-10-ns4-usecase-v3"' is not assignable to type '"2026-09-09-ns4-usecase-v4"'.
mls-102046/l4/buildFlowFsm/usecases/createInvoice.defs.ts(6,3): error TS2322: Type '"2026-08-10-ns4-usecase-v3"' is not assignable to type '"2026-09-09-ns4-usecase-v4"'.
mls-102046/l4/buildFlowFsm/usecases/createMaterialUsage.defs.ts(6,3): error TS2322: Type '"2026-08-10-ns4-usecase-v3"' is not assignable to type '"2026-09-09-ns4-usecase-v4"'.
mls-102046/l4/buildFlowFsm/usecases/createStatusReport.defs.ts(6,3): error TS2322: Type '"2026-08-10-ns4-usecase-v3"' is not assignable to type '"2026-09-09-ns4-usecase-v4"'.
mls-102046/l4/buildFlowFsm/usecases/createTimeLog.defs.ts(6,3): error TS2322: Type '"2026-08-10-ns4-usecase-v3"' is not assignable to type '"2026-09-09-ns4-usecase-v4"'.
mls-102046/l4/buildFlowFsm/usecases/createWorkTask.defs.ts(6,3): error TS2322: Type '"2026-08-10-ns4-usecase-v3"' is not assignable to type '"2026-09-09-ns4-usecase-v4"'.
mls-102046/l4/buildFlowFsm/usecases/declineChangeOrderDecision.defs.ts(6,3): error TS2322: Type '"2026-08-10-ns4-usecase-v3"' is not assignable to type '"2026-09-09-ns4-usecase-v4"'.
mls-102046/l4/buildFlowFsm/usecases/handoffApprovedChangeOrderToBilling.defs.ts(6,3): error TS2322: Type '"2026-08-10-ns4-usecase-v3"' is not assignable to type '"2026-09-09-ns4-usecase-v4"'.
mls-102046/l4/buildFlowFsm/usecases/handoffChangeOrderToClient.defs.ts(6,3): error TS2322: Type '"2026-08-10-ns4-usecase-v3"' is not assignable to type '"2026-09-09-ns4-usecase-v4"'.
mls-102046/l4/buildFlowFsm/usecases/handoffChangeOrderToProjectManager.defs.ts(6,3): error TS2322: Type '"2026-08-10-ns4-usecase-v3"' is not assignable to type '"2026-09-09-ns4-usecase-v4"'.
mls-102046/l4/buildFlowFsm/usecases/handoffDeclinedChangeOrderToFieldCoordinator.defs.ts(6,3): error TS2322: Type '"2026-08-10-ns4-usecase-v3"' is not assignable to type '"2026-09-09-ns4-usecase-v4"'.
mls-102046/l4/buildFlowFsm/usecases/handoffInvoiceToClient.defs.ts(6,3): error TS2322: Type '"2026-08-10-ns4-usecase-v3"' is not assignable to type '"2026-09-09-ns4-usecase-v4"'.
mls-102046/l4/buildFlowFsm/usecases/handoffMaterialUsageToFieldCoordinator.defs.ts(6,3): error TS2322: Type '"2026-08-10-ns4-usecase-v3"' is not assignable to type '"2026-09-09-ns4-usecase-v4"'.
mls-102046/l4/buildFlowFsm/usecases/handoffProjectToFieldCoordinator.defs.ts(6,3): error TS2322: Type '"2026-08-10-ns4-usecase-v3"' is not assignable to type '"2026-09-09-ns4-usecase-v4"'.
mls-102046/l4/buildFlowFsm/usecases/handoffStatusReportToClient.defs.ts(6,3): error TS2322: Type '"2026-08-10-ns4-usecase-v3"' is not assignable to type '"2026-09-09-ns4-usecase-v4"'.
mls-102046/l4/buildFlowFsm/usecases/handoffTimeLogToFieldCoordinator.defs.ts(6,3): error TS2322: Type '"2026-08-10-ns4-usecase-v3"' is not assignable to type '"2026-09-09-ns4-usecase-v4"'.
mls-102046/l4/buildFlowFsm/usecases/handoffWorkTaskProgressToFieldCoordinator.defs.ts(6,3): error TS2322: Type '"2026-08-10-ns4-usecase-v3"' is not assignable to type '"2026-09-09-ns4-usecase-v4"'.
mls-102046/l4/buildFlowFsm/usecases/handoffWorkTaskToFieldWorker.defs.ts(6,3): error TS2322: Type '"2026-08-10-ns4-usecase-v3"' is not assignable to type '"2026-09-09-ns4-usecase-v4"'.
mls-102046/l4/buildFlowFsm/usecases/index.defs.ts(6,3): error TS2322: Type '"2026-08-10-ns4-usecase-index-v3"' is not assignable to type '"2026-09-09-ns4-usecase-index-v4"'.
mls-102046/l4/buildFlowFsm/usecases/inspectApprovedChangeOrders.defs.ts(6,3): error TS2322: Type '"2026-08-10-ns4-usecase-v3"' is not assignable to type '"2026-09-09-ns4-usecase-v4"'.
mls-102046/l4/buildFlowFsm/usecases/inspectClientBillingSummary.defs.ts(6,3): error TS2322: Type '"2026-08-10-ns4-usecase-v3"' is not assignable to type '"2026-09-09-ns4-usecase-v4"'.
mls-102046/l4/buildFlowFsm/usecases/inspectProjectDashboard.defs.ts(6,3): error TS2322: Type '"2026-08-10-ns4-usecase-v3"' is not assignable to type '"2026-09-09-ns4-usecase-v4"'.
mls-102046/l4/buildFlowFsm/usecases/inspectProjectExecutionOverview.defs.ts(6,3): error TS2322: Type '"2026-08-10-ns4-usecase-v3"' is not assignable to type '"2026-09-09-ns4-usecase-v4"'.
mls-102046/l4/buildFlowFsm/usecases/inspectProjectMaterialUsages.defs.ts(6,3): error TS2322: Type '"2026-08-10-ns4-usecase-v3"' is not assignable to type '"2026-09-09-ns4-usecase-v4"'.
mls-102046/l4/buildFlowFsm/usecases/inspectProjectTimeline.defs.ts(6,3): error TS2322: Type '"2026-08-10-ns4-usecase-v3"' is not assignable to type '"2026-09-09-ns4-usecase-v4"'.
mls-102046/l4/buildFlowFsm/usecases/inspectProjectTimeLogs.defs.ts(6,3): error TS2322: Type '"2026-08-10-ns4-usecase-v3"' is not assignable to type '"2026-09-09-ns4-usecase-v4"'.
mls-102046/l4/buildFlowFsm/usecases/inspectScheduleRiskAssessment.defs.ts(6,3): error TS2322: Type '"2026-08-10-ns4-usecase-v3"' is not assignable to type '"2026-09-09-ns4-usecase-v4"'.
mls-102046/l4/buildFlowFsm/usecases/inspectStatusReport.defs.ts(6,3): error TS2322: Type '"2026-08-10-ns4-usecase-v3"' is not assignable to type '"2026-09-09-ns4-usecase-v4"'.
mls-102046/l4/buildFlowFsm/usecases/locateChangeOrder.defs.ts(6,3): error TS2322: Type '"2026-08-10-ns4-usecase-v3"' is not assignable to type '"2026-09-09-ns4-usecase-v4"'.
mls-102046/l4/buildFlowFsm/usecases/locateClient.defs.ts(6,3): error TS2322: Type '"2026-08-10-ns4-usecase-v3"' is not assignable to type '"2026-09-09-ns4-usecase-v4"'.
mls-102046/l4/buildFlowFsm/usecases/locateFieldWorker.defs.ts(6,3): error TS2322: Type '"2026-08-10-ns4-usecase-v3"' is not assignable to type '"2026-09-09-ns4-usecase-v4"'.
mls-102046/l4/buildFlowFsm/usecases/locateInventoryItem.defs.ts(6,3): error TS2322: Type '"2026-08-10-ns4-usecase-v3"' is not assignable to type '"2026-09-09-ns4-usecase-v4"'.
mls-102046/l4/buildFlowFsm/usecases/locateProject.defs.ts(6,3): error TS2322: Type '"2026-08-10-ns4-usecase-v3"' is not assignable to type '"2026-09-09-ns4-usecase-v4"'.
mls-102046/l4/buildFlowFsm/usecases/locateWorkTask.defs.ts(6,3): error TS2322: Type '"2026-08-10-ns4-usecase-v3"' is not assignable to type '"2026-09-09-ns4-usecase-v4"'.
mls-102046/l4/buildFlowFsm/usecases/publishStatusReport.defs.ts(6,3): error TS2322: Type '"2026-08-10-ns4-usecase-v3"' is not assignable to type '"2026-09-09-ns4-usecase-v4"'.
mls-102046/l4/buildFlowFsm/usecases/updateWorkTask.defs.ts(6,3): error TS2322: Type '"2026-08-10-ns4-usecase-v3"' is not assignable to type '"2026-09-09-ns4-usecase-v4"'.
mls-102051/l5/runtimeConfig.ts(280,3): error TS2353: Object literal may only specify known properties, and '"publication"' does not exist in type 'ProjectsConfig'.
mls-102052/l2/controleChamados/web/shared/chamadoCatalogue.test.ts(16,43): error TS2344: Type 'false' does not satisfy the constraint 'true'.
mls-102052/l2/controleChamados/web/shared/chamadoCatalogue.test.ts(17,46): error TS2344: Type 'false' does not satisfy the constraint 'true'.
mls-102052/l2/controleChamados/web/shared/chamadoCatalogue.test.ts(22,45): error TS2344: Type 'false' does not satisfy the constraint 'true'.
mls-102052/l2/controleChamados/web/shared/chamadoCatalogue.test.ts(29,45): error TS2344: Type 'false' does not satisfy the constraint 'true'.
mls-102052/l2/controleChamados/web/shared/chamadoCatalogue.test.ts(43,44): error TS2344: Type 'false' does not satisfy the constraint 'true'.
mls-102052/l2/controleChamados/web/shared/comentarioCatalogue.test.ts(38,45): error TS2344: Type 'false' does not satisfy the constraint 'true'.
mls-102052/l2/controleChamados/web/shared/comentarioCatalogue.test.ts(39,48): error TS2344: Type 'false' does not satisfy the constraint 'true'.
mls-102052/l4/controleChamados/access/access-matrix.defs.ts(106,5): error TS2353: Object literal may only specify known properties, and '"operationAuthorityRefs"' does not exist in type '{ status: "useCasesCompiled"; compiledFromAccessHash: string; useCaseAuthorityRefs: Ns4AccessUseCaseAuthorityRef[]; realizationHash: string; }'.
mls-102052/l4/controleChamados/module.defs.ts(9,5): error TS2741: Property '"e4b-access-realization"' is missing in type '{ readonly "e1-clarification": "Definir o ponto de partida"; readonly "e1-compile": "Organizar a ideia"; readonly "e2-journeys": "Visualizar as jornadas"; readonly "e3-access-matrix": "Revisar os acessos"; ... 6 more ...; readonly "e10-validation": "Validar o resultado"; }' but required in type 'Record<"e1-clarification" | "e1-compile" | "e2-journeys" | "e3-access-matrix" | "e4-ontology" | "e4b-access-realization" | "e5-rules" | "e6-behaviors" | "e7-realization" | "e8-workspaces" | "e9-navigation-compiler" | "e10-validation", string>'.
mls-102052/l4/controleChamados/module.defs.ts(50,7): error TS2741: Property 'origin' is missing in type '{ readonly actorId: "atendente"; readonly title: "Atendente"; readonly kind: "internal"; readonly expectedOutcome: "Registrar o chamado, escrever comentários e fechá-lo."; }' but required in type '{ actorId: string; title: string; kind: "system" | "external" | "internal"; origin: "named" | "inferred"; expectedOutcome: string; }'.
mls-102052/l4/controleChamados/ontology/Chamado.defs.ts(84,5): error TS2322: Type 'string' is not assignable to type 'Ns4LifecycleState'.
mls-102052/l4/controleChamados/ontology/Chamado.defs.ts(85,5): error TS2322: Type 'string' is not assignable to type 'Ns4LifecycleState'.
mls-102052/l4/controleChamados/usecases/closeChamado.defs.ts(6,3): error TS2322: Type '"2026-08-10-ns4-usecase-v3"' is not assignable to type '"2026-09-09-ns4-usecase-v4"'.
mls-102052/l4/controleChamados/usecases/index.defs.ts(6,3): error TS2322: Type '"2026-08-10-ns4-usecase-index-v3"' is not assignable to type '"2026-09-09-ns4-usecase-index-v4"'.
mls-102052/l4/controleChamados/usecases/locateChamado.defs.ts(6,3): error TS2322: Type '"2026-08-10-ns4-usecase-v3"' is not assignable to type '"2026-09-09-ns4-usecase-v4"'.
mls-102052/l4/controleChamados/usecases/registerChamado.defs.ts(6,3): error TS2322: Type '"2026-08-10-ns4-usecase-v3"' is not assignable to type '"2026-09-09-ns4-usecase-v4"'.
mls-102052/l4/controleChamados/usecases/registerComentario.defs.ts(6,3): error TS2322: Type '"2026-08-10-ns4-usecase-v3"' is not assignable to type '"2026-09-09-ns4-usecase-v4"'.
